Trying 127.0.0.1...
Connected to 127.0.0.1.
Escape character is '^]'.
Connected to Dynamips VM "ISP" (ID 7, type c7200) - Console port
Press ENTER to get the prompt.
ning Cisco cryptographic products may be found at:
http://www.cisco.com/wwl/export/crypto/tool/stqrg.html

If you require further assistance please contact us by sending email to
export@cisco.com.

Cisco 7206VXR (NPE400) processor (revision A) with 491520K/32768K bytes of memory.
Processor board ID 4279256517
R7000 CPU at 150MHz, Implementation 39, Rev 2.1, 256KB L2, 512KB L3 Cache
6 slot VXR midplane, Version 2.1

Last reset from power-on

PCI bus mb0_mb1 has 900 bandwidth points
PCI bus mb2 has 600 bandwidth points
WARNING: PCI bus mb0_mb1 Exceeds 600 bandwidth points

4 FastEthernet interfaces
1 Gigabit Ethernet interface
12 Serial interfaces
1 ATM interface
509K bytes of NVRAM.

8192K bytes of Flash internal SIMM (Sector size 256K).
SETUP: new interface FastEthernet0/0 placed in "shutdown" state
SETUP: new interface ATM1/0 placed in "shutdown" state
SETUP: new interface FastEthernet2/0 placed in "shutdown" state
SETUP: new interface FastEthernet3/0 placed in "shutdown" state
SETUP: new interface FastEthernet3/1 placed in "shutdown" state
SETUP: new interface GigabitEthernet4/0 placed in "shutdown" state
SETUP: new interface Serial5/0 placed in "shutdown" state
SETUP: new interface Serial5/1 placed in "shutdown" state
SETUP: new interface Serial5/2 placed in "shutdown" state
SETUP: new interface Serial5/3 placed in "shutdown" state
SETUP: new interface Serial6/0 placed in "shutdown" state
SETUP: new interface Serial6/1 placed in "shutdown" state
SETUP: new interface Serial6/2 placed in "shutdown" state
SETUP: new interface Serial6/3 placed in "shutdown" state
SETUP: new interface Serial6/4 placed in "shutdown" state
SETUP: new interface Serial6/5 placed in "shutdown" state
SETUP: new interface Serial6/6 placed in "shutdown" state
SETUP: new interface Serial6/7 placed in "shutdown" state


Press RETURN to get started!


*Jan  3 14:30:28.447: %PLATFORM-3-PACONFIG: Exceeds 600 bandwidth points for slots 0, 1, 3 & 5
*Jan  3 14:30:30.471: %LINK-5-CHANGED: Interface FastEthernet0/0, changed state to administratively down
*Jan  3 14:30:30.587: %LINK-5-CHANGED: Interface ATM1/0, changed state to administratively down
*Jan  3 14:30:30.607: %LINK-5-CHANGED: Interface FastEthernet2/0, changed state to administratively down
*Jan  3 14:30:30.615: %LINK-5-CHANGED: Interface FastEthernet3/0, changed state to administratively down
*Jan  3 14:30:30.619: %LINK-5-CHANGED: Interface FastEthernet3/1, changed state to administratively down
*Jan  3 14:30:30.623: %LINK-5-CHANGED: Interface GigabitEthernet4/0, changed state to administratively down
*Jan  3 14:30:30.635: %LINK-5-CHANGED: Interface Serial5/0, changed state to administratively down
*Jan  3 14:30:30.635: %LINK-5-CHANGED: Interface Serial5/1, changed state to administratively down
*Jan  3 14:30:30.635: %LINK-5-CHANGED: Interface Serial5/2, changed state to administratively down
*Jan  3 14:30:30.635: %LINK-5-CHANGED: Interface Serial5/3, changed state to administratively down
*Jan  3 14:30:31.471: %LINEPROTO-5-UPDOWN: Line protocol on Interface FastEthernet0/0, changed state to down
*Jan  3 14:30:31.587: %LINEPROTO-5-UPDOWN: Line protocol on Interface ATM1/0, changed state to down
*Jan  3 14:30:31.607: %LINEPROTO-5-UPDOWN: Line protocol on Interface FastEthernet2/0, changed state to down
*Jan  3 14:30:31.615: %LINEPROTO-5-UPDOWN: Line protocol on Interface FastEthernet3/0, changed state to down
*Jan  3 14:30:31.619: %LINEPROTO-5-UPDOWN: Line protocol on Interface FastEthernet3/1, changed state to down
*Jan  3 14:30:31.623: %LINEPROTO-5-UPDOWN: Line protocol on Interface GigabitEthernet4/0, changed state to down
*Jan  3 14:30:31.635: %LINEPROTO-5-UPDOWN: Line protocol on Interface Serial5/0, changed state to down
*Jan  3 14:30:31.635: %LINEPROTO-5-UPDOWN: Line protocol on Interface Serial5/1, changed state to down
*Jan  3 14:30:31.635: %LINEPROTO-5-UPDOWN: Line protocol on Interface Serial5/2, changed state to down
*Jan  3 14:30:31.635: %LINEPROTO-5-UPDOWN: Line protocol on Interface Serial5/3, changed state to down
ISP#show ip interface brief
Interface                  IP-Address      OK? Method Status                Protocol
FastEthernet0/0            unassigned      YES unset  administratively down down    
ATM1/0                     unassigned      YES unset  administratively down down    
FastEthernet2/0            unassigned      YES unset  administratively down down    
FastEthernet3/0            unassigned      YES unset  administratively down down    
FastEthernet3/1            unassigned      YES unset  administratively down down    
GigabitEthernet4/0         unassigned      YES unset  administratively down down    
Serial5/0                  unassigned      YES unset  administratively down down    
Serial5/1                  unassigned      YES unset  administratively down down    
Serial5/2                  unassigned      YES unset  administratively down down    
Serial5/3                  unassigned      YES unset  administratively down down    
Serial6/0                  unassigned      YES unset  administratively down down    
Serial6/1                  unassigned      YES unset  administratively down down    
Serial6/2                  unassigned      YES unset  administratively down down    
Serial6/3                  unassigned      YES unset  administratively down down    
Serial6/4                  unassigned      YES unset  administratively down down    
Serial6/5                  unassigned      YES unset  administratively down down    
Serial6/6                  unassigned      YES unset  administratively down down    
Serial6/7                  unassigned      YES unset  administratively down down    
ISP#conf t
Enter configuration commands, one per line.  End with CNTL/Z.
ISP(config)#int g4/0 
ISP(config-if)#exit
ISP(config)#ipv6 unicast-routing
ISP(config)#int g4/0            
ISP(config-if)#ip address 211.10.10.253 255.255.255.252
ISP(config-if)#ipv6 address 2100:A:A::253/64
ISP(config-if)#int f0/0
ISP(config-if)#ip address 100.100.100.1 255.255.255.0
ISP(config-if)#ipv6 address 2001:2001:2001:2001::1/64
ISP(config-if)#ipv6 enable
ISP(config-if)#int g4/0                                
ISP(config-if)#ipv6 enable
ISP(config-if)#end
ISP#show i
*Jan  3 14:35:25.779: %SYS-5-CONFIG_I: Configured from console by console
ISP#show ip interface brief
Interface                  IP-Address      OK? Method Status                Protocol
FastEthernet0/0            100.100.100.1   YES manual administratively down down    
ATM1/0                     unassigned      YES unset  administratively down down    
FastEthernet2/0            unassigned      YES unset  administratively down down    
FastEthernet3/0            unassigned      YES unset  administratively down down    
FastEthernet3/1            unassigned      YES unset  administratively down down    
GigabitEthernet4/0         211.10.10.253   YES manual administratively down down    
Serial5/0                  unassigned      YES unset  administratively down down    
Serial5/1                  unassigned      YES unset  administratively down down    
Serial5/2                  unassigned      YES unset  administratively down down    
Serial5/3                  unassigned      YES unset  administratively down down    
Serial6/0                  unassigned      YES unset  administratively down down    
Serial6/1                  unassigned      YES unset  administratively down down    
Serial6/2                  unassigned      YES unset  administratively down down    
Serial6/3                  unassigned      YES unset  administratively down down    
Serial6/4                  unassigned      YES unset  administratively down down    
Serial6/5                  unassigned      YES unset  administratively down down    
Serial6/6                  unassigned      YES unset  administratively down down    
Serial6/7                  unassigned      YES unset  administratively down down    
ISP#conf t                 
Enter configuration commands, one per line.  End with CNTL/Z.
ISP(config)#int f0/0                              
ISP(config-if)#no shut
ISP(config-if)#int g4/0   
ISP(config-if)#n
*Jan  3 14:35:50.299: %LINK-3-UPDOWN: Interface FastEthernet0/0, changed state to up
*Jan  3 14:35:51.299: %LINEPROTO-5-UPDOWN: Line protocol on Interface FastEthernet0/0, changed state to up
ISP(config-if)#no shut
ISP(config-if)#e
*Jan  3 14:35:54.707: %LINK-3-UPDOWN: Interface GigabitEthernet4/0, changed state to up
*Jan  3 14:35:55.707: %LINEPROTO-5-UPDOWN: Line protocol on Interface GigabitEthernet4/0, changed state to up
ISP(config-if)#end
ISP#show ip interface brief
*Jan  3 14:35:56.947: %SYS-5-CONFIG_I: Configured from console by console
ISP#show ip interface brief
Interface                  IP-Address      OK? Method Status                Protocol
FastEthernet0/0            100.100.100.1   YES manual up                    up      
ATM1/0                     unassigned      YES unset  administratively down down    
FastEthernet2/0            unassigned      YES unset  administratively down down    
FastEthernet3/0            unassigned      YES unset  administratively down down    
FastEthernet3/1            unassigned      YES unset  administratively down down    
GigabitEthernet4/0         211.10.10.253   YES manual up                    up      
Serial5/0                  unassigned      YES unset  administratively down down    
Serial5/1                  unassigned      YES unset  administratively down down    
Serial5/2                  unassigned      YES unset  administratively down down    
Serial5/3                  unassigned      YES unset  administratively down down    
Serial6/0                  unassigned      YES unset  administratively down down    
Serial6/1                  unassigned      YES unset  administratively down down    
Serial6/2                  unassigned      YES unset  administratively down down    
Serial6/3                  unassigned      YES unset  administratively down down    
Serial6/4                  unassigned      YES unset  administratively down down    
Serial6/5                  unassigned      YES unset  administratively down down    
Serial6/6                  unassigned      YES unset  administratively down down    
Serial6/7                  unassigned      YES unset  administratively down down    
ISP#show ipv6 interface brief
FastEthernet0/0            [up/up]
    FE80::C807:4FFF:FE35:0
    2001:2001:2001:2001::1
ATM1/0                     [administratively down/down]
    unassigned
FastEthernet2/0            [administratively down/down]
    unassigned
FastEthernet3/0            [administratively down/down]
    unassigned
FastEthernet3/1            [administratively down/down]
    unassigned
GigabitEthernet4/0         [up/up]
    FE80::C807:4FFF:FE35:70
    2100:A:A::253
Serial5/0                  [administratively down/down]
    unassigned
Serial5/1                  [administratively down/down]
    unassigned
Serial5/2                  [administratively down/down]
    unassigned
Serial5/3                  [administratively down/down]
    unassigned
Serial6/0                  [administratively down/down]
    unassigned
Serial6/1                  [administratively down/down]
    unassigned
Serial6/2                  [administratively down/down]
    unassigned
Serial6/3                  [administratively down/down]
    unassigned
Serial6/4                  [administratively down/down]
    unassigned
Serial6/5                  [administratively down/down]
    unassigned
Serial6/6                  [administratively down/down]
    unassigned
Serial6/7                  [administratively down/down]
    unassigned
ISP#show ip route            
Codes: C - connected, S - static, R - RIP, M - mobile, B - BGP
       D - EIGRP, EX - EIGRP external, O - OSPF, IA - OSPF inter area 
       N1 - OSPF NSSA external type 1, N2 - OSPF NSSA external type 2
       E1 - OSPF external type 1, E2 - OSPF external type 2
       i - IS-IS, su - IS-IS summary, L1 - IS-IS level-1, L2 - IS-IS level-2
       ia - IS-IS inter area, * - candidate default, U - per-user static route
       o - ODR, P - periodic downloaded static route

Gateway of last resort is not set

     100.0.0.0/24 is subnetted, 1 subnets
C       100.100.100.0 is directly connected, FastEthernet0/0
     211.10.10.0/30 is subnetted, 1 subnets
C       211.10.10.252 is directly connected, GigabitEthernet4/0
ISP#write
Warning: Attempting to overwrite an NVRAM configuration previously written
by a different version of the system image.
Overwrite the previous NVRAM configuration?[confirm]
Building configuration...
[OK]
ISP#

----------------------------
----------------------------
----------------------------
----------------------------
----------------------------

ISP#conf t
Enter configuration commands, one per line.  End with CNTL/Z.
ISP(config)#router bgp 2
ISP(config-router)#neighbor 211.10.10.254 remote-as 1
ISP(config-router)#network 100.100.100.0 255.255.255.0
                                         ^
% Invalid input detected at '^' marker.

ISP(config-router)#network 100.100.100.0              
*Jan  3 19:58:30.847: %BGP-5-ADJCHANGE: neighbor 211.10.10.254 Up 
ISP(config-router)#network 100.100.100.0
ISP(config-router)#end   
ISP#show i
*Jan  3 19:59:11.195: %SYS-5-CONFIG_I: Configured from console by console
ISP#show ip route
Codes: C - connected, S - static, R - RIP, M - mobile, B - BGP
       D - EIGRP, EX - EIGRP external, O - OSPF, IA - OSPF inter area 
       N1 - OSPF NSSA external type 1, N2 - OSPF NSSA external type 2
       E1 - OSPF external type 1, E2 - OSPF external type 2
       i - IS-IS, su - IS-IS summary, L1 - IS-IS level-1, L2 - IS-IS level-2
       ia - IS-IS inter area, * - candidate default, U - per-user static route
       o - ODR, P - periodic downloaded static route

Gateway of last resort is not set

     100.0.0.0/24 is subnetted, 1 subnets
C       100.100.100.0 is directly connected, FastEthernet0/0
     211.10.10.0/30 is subnetted, 1 subnets
C       211.10.10.252 is directly connected, GigabitEthernet4/0
ISP#ping 100.100.100.2

Type escape sequence to abort.
Sending 5, 100-byte ICMP Echos to 100.100.100.2, timeout is 2 seconds:
.!!!!
Success rate is 80 percent (4/5), round-trip min/avg/max = 8/9/12 ms
ISP#show ip route
Codes: C - connected, S - static, R - RIP, M - mobile, B - BGP
       D - EIGRP, EX - EIGRP external, O - OSPF, IA - OSPF inter area 
       N1 - OSPF NSSA external type 1, N2 - OSPF NSSA external type 2
       E1 - OSPF external type 1, E2 - OSPF external type 2
       i - IS-IS, su - IS-IS summary, L1 - IS-IS level-1, L2 - IS-IS level-2
       ia - IS-IS inter area, * - candidate default, U - per-user static route
       o - ODR, P - periodic downloaded static route

Gateway of last resort is not set

     100.0.0.0/24 is subnetted, 1 subnets
C       100.100.100.0 is directly connected, FastEthernet0/0
     211.10.10.0/30 is subnetted, 1 subnets
C       211.10.10.252 is directly connected, GigabitEthernet4/0
ISP#conf t
Enter configuration commands, one per line.  End with CNTL/Z.
ISP(config)#router bgp 2
ISP(config-router)#network 100.100.100.0 mask 255.255.255.0
ISP(config-router)#end
ISP#writ
*Jan  3 20:03:12.763: %SYS-5-CONFIG_I: Configured from console by console
ISP#write
Warning: Attempting to overwrite an NVRAM configuration previously written
by a different version of the system image.
Overwrite the previous NVRAM configuration?[confirm]
Building configuration...
[OK]
ISP#show ip route
Codes: C - connected, S - static, R - RIP, M - mobile, B - BGP
       D - EIGRP, EX - EIGRP external, O - OSPF, IA - OSPF inter area 
       N1 - OSPF NSSA external type 1, N2 - OSPF NSSA external type 2
       E1 - OSPF external type 1, E2 - OSPF external type 2
       i - IS-IS, su - IS-IS summary, L1 - IS-IS level-1, L2 - IS-IS level-2
       ia - IS-IS inter area, * - candidate default, U - per-user static route
       o - ODR, P - periodic downloaded static route

Gateway of last resort is not set

     100.0.0.0/24 is subnetted, 1 subnets
C       100.100.100.0 is directly connected, FastEthernet0/0
B    192.168.8.0/24 [20/2] via 211.10.10.254, 00:06:12
     211.10.10.0/30 is subnetted, 1 subnets
C       211.10.10.252 is directly connected, GigabitEthernet4/0
B    192.168.9.0/24 [20/0] via 211.10.10.254, 00:06:12
B    192.168.10.0/24 [20/0] via 211.10.10.254, 00:06:12
B    192.168.11.0/24 [20/0] via 211.10.10.254, 00:06:12
B    192.168.4.0/24 [20/2] via 211.10.10.254, 00:06:12
B    192.168.5.0/24 [20/2] via 211.10.10.254, 00:06:12
B    192.168.6.0/24 [20/2] via 211.10.10.254, 00:06:12
B    192.168.7.0/24 [20/2] via 211.10.10.254, 00:06:12
B    192.168.2.0/24 [20/0] via 211.10.10.254, 00:06:12
B    192.168.3.0/24 [20/11] via 211.10.10.254, 00:06:13
ISP#show ip route
Codes: C - connected, S - static, R - RIP, M - mobile, B - BGP
       D - EIGRP, EX - EIGRP external, O - OSPF, IA - OSPF inter area 
       N1 - OSPF NSSA external type 1, N2 - OSPF NSSA external type 2
       E1 - OSPF external type 1, E2 - OSPF external type 2
       i - IS-IS, su - IS-IS summary, L1 - IS-IS level-1, L2 - IS-IS level-2
       ia - IS-IS inter area, * - candidate default, U - per-user static route
       o - ODR, P - periodic downloaded static route

Gateway of last resort is not set

     100.0.0.0/24 is subnetted, 1 subnets
C       100.100.100.0 is directly connected, FastEthernet0/0
B    192.168.8.0/24 [20/2] via 211.10.10.254, 00:09:19
     211.10.10.0/30 is subnetted, 1 subnets
C       211.10.10.252 is directly connected, GigabitEthernet4/0
B    192.168.9.0/24 [20/0] via 211.10.10.254, 00:09:19
B    192.168.10.0/24 [20/0] via 211.10.10.254, 00:09:19
B    192.168.11.0/24 [20/0] via 211.10.10.254, 00:09:19
B    192.168.4.0/24 [20/2] via 211.10.10.254, 00:09:19
B    192.168.5.0/24 [20/2] via 211.10.10.254, 00:09:19
B    192.168.6.0/24 [20/2] via 211.10.10.254, 00:09:19
B    192.168.7.0/24 [20/2] via 211.10.10.254, 00:09:19
B    192.168.2.0/24 [20/0] via 211.10.10.254, 00:09:19
B    192.168.3.0/24 [20/11] via 211.10.10.254, 00:09:20
ISP#show ip route
Codes: C - connected, S - static, R - RIP, M - mobile, B - BGP
       D - EIGRP, EX - EIGRP external, O - OSPF, IA - OSPF inter area 
       N1 - OSPF NSSA external type 1, N2 - OSPF NSSA external type 2
       E1 - OSPF external type 1, E2 - OSPF external type 2
       i - IS-IS, su - IS-IS summary, L1 - IS-IS level-1, L2 - IS-IS level-2
       ia - IS-IS inter area, * - candidate default, U - per-user static route
       o - ODR, P - periodic downloaded static route

Gateway of last resort is not set

     100.0.0.0/24 is subnetted, 1 subnets
C       100.100.100.0 is directly connected, FastEthernet0/0
B    192.168.8.0/24 [20/2] via 211.10.10.254, 00:14:28
     211.10.10.0/30 is subnetted, 1 subnets
C       211.10.10.252 is directly connected, GigabitEthernet4/0
     191.1.0.0/24 is subnetted, 1 subnets
B       191.1.1.0 [20/0] via 211.10.10.254, 00:02:35
B    192.168.9.0/24 [20/0] via 211.10.10.254, 00:14:28
B    192.168.10.0/24 [20/0] via 211.10.10.254, 00:14:28
B    192.168.11.0/24 [20/0] via 211.10.10.254, 00:14:28
B    192.168.4.0/24 [20/2] via 211.10.10.254, 00:14:28
B    192.168.5.0/24 [20/2] via 211.10.10.254, 00:14:28
B    192.168.6.0/24 [20/2] via 211.10.10.254, 00:14:28
B    192.168.7.0/24 [20/2] via 211.10.10.254, 00:14:29
B    192.168.2.0/24 [20/0] via 211.10.10.254, 00:14:29
B    192.168.3.0/24 [20/11] via 211.10.10.254, 00:14:29
ISP#show ip route
Codes: C - connected, S - static, R - RIP, M - mobile, B - BGP
       D - EIGRP, EX - EIGRP external, O - OSPF, IA - OSPF inter area 
       N1 - OSPF NSSA external type 1, N2 - OSPF NSSA external type 2
       E1 - OSPF external type 1, E2 - OSPF external type 2
       i - IS-IS, su - IS-IS summary, L1 - IS-IS level-1, L2 - IS-IS level-2
       ia - IS-IS inter area, * - candidate default, U - per-user static route
       o - ODR, P - periodic downloaded static route

Gateway of last resort is not set

     100.0.0.0/24 is subnetted, 1 subnets
C       100.100.100.0 is directly connected, FastEthernet0/0
B    192.168.8.0/24 [20/2] via 211.10.10.254, 00:15:45
     211.10.10.0/30 is subnetted, 1 subnets
C       211.10.10.252 is directly connected, GigabitEthernet4/0
     191.1.0.0/24 is subnetted, 1 subnets
B       191.1.1.0 [20/0] via 211.10.10.254, 00:03:52
B    192.168.9.0/24 [20/0] via 211.10.10.254, 00:15:45
B    192.168.10.0/24 [20/0] via 211.10.10.254, 00:15:45
B    192.168.11.0/24 [20/0] via 211.10.10.254, 00:15:45
B    192.168.4.0/24 [20/2] via 211.10.10.254, 00:15:45
B    192.168.5.0/24 [20/2] via 211.10.10.254, 00:15:45
B    192.168.6.0/24 [20/2] via 211.10.10.254, 00:15:45
B    192.168.7.0/24 [20/2] via 211.10.10.254, 00:15:46
B    192.168.2.0/24 [20/0] via 211.10.10.254, 00:15:46
B    192.168.3.0/24 [20/11] via 211.10.10.254, 00:15:46
ISP#show ip route
Codes: C - connected, S - static, R - RIP, M - mobile, B - BGP
       D - EIGRP, EX - EIGRP external, O - OSPF, IA - OSPF inter area 
       N1 - OSPF NSSA external type 1, N2 - OSPF NSSA external type 2
       E1 - OSPF external type 1, E2 - OSPF external type 2
       i - IS-IS, su - IS-IS summary, L1 - IS-IS level-1, L2 - IS-IS level-2
       ia - IS-IS inter area, * - candidate default, U - per-user static route
       o - ODR, P - periodic downloaded static route

Gateway of last resort is not set

     100.0.0.0/24 is subnetted, 1 subnets
C       100.100.100.0 is directly connected, FastEthernet0/0
     211.10.10.0/30 is subnetted, 1 subnets
C       211.10.10.252 is directly connected, GigabitEthernet4/0
     191.1.0.0/28 is subnetted, 1 subnets
B       191.1.1.192 [20/0] via 211.10.10.254, 00:00:23
ISP#show ip route
Codes: C - connected, S - static, R - RIP, M - mobile, B - BGP
       D - EIGRP, EX - EIGRP external, O - OSPF, IA - OSPF inter area 
       N1 - OSPF NSSA external type 1, N2 - OSPF NSSA external type 2
       E1 - OSPF external type 1, E2 - OSPF external type 2
       i - IS-IS, su - IS-IS summary, L1 - IS-IS level-1, L2 - IS-IS level-2
       ia - IS-IS inter area, * - candidate default, U - per-user static route
       o - ODR, P - periodic downloaded static route

Gateway of last resort is not set

     100.0.0.0/24 is subnetted, 1 subnets
C       100.100.100.0 is directly connected, FastEthernet0/0
     211.10.10.0/30 is subnetted, 1 subnets
C       211.10.10.252 is directly connected, GigabitEthernet4/0
ISP#show ip route
Codes: C - connected, S - static, R - RIP, M - mobile, B - BGP
       D - EIGRP, EX - EIGRP external, O - OSPF, IA - OSPF inter area 
       N1 - OSPF NSSA external type 1, N2 - OSPF NSSA external type 2
       E1 - OSPF external type 1, E2 - OSPF external type 2
       i - IS-IS, su - IS-IS summary, L1 - IS-IS level-1, L2 - IS-IS level-2
       ia - IS-IS inter area, * - candidate default, U - per-user static route
       o - ODR, P - periodic downloaded static route

Gateway of last resort is not set

     100.0.0.0/24 is subnetted, 1 subnets
C       100.100.100.0 is directly connected, FastEthernet0/0
     211.10.10.0/30 is subnetted, 1 subnets
C       211.10.10.252 is directly connected, GigabitEthernet4/0
ISP#
ISP#show ip route
Codes: C - connected, S - static, R - RIP, M - mobile, B - BGP
       D - EIGRP, EX - EIGRP external, O - OSPF, IA - OSPF inter area 
       N1 - OSPF NSSA external type 1, N2 - OSPF NSSA external type 2
       E1 - OSPF external type 1, E2 - OSPF external type 2
       i - IS-IS, su - IS-IS summary, L1 - IS-IS level-1, L2 - IS-IS level-2
       ia - IS-IS inter area, * - candidate default, U - per-user static route
       o - ODR, P - periodic downloaded static route

Gateway of last resort is not set

     100.0.0.0/24 is subnetted, 1 subnets
C       100.100.100.0 is directly connected, FastEthernet0/0
     211.10.10.0/30 is subnetted, 1 subnets
C       211.10.10.252 is directly connected, GigabitEthernet4/0
ISP#show ip route
Codes: C - connected, S - static, R - RIP, M - mobile, B - BGP
       D - EIGRP, EX - EIGRP external, O - OSPF, IA - OSPF inter area 
       N1 - OSPF NSSA external type 1, N2 - OSPF NSSA external type 2
       E1 - OSPF external type 1, E2 - OSPF external type 2
       i - IS-IS, su - IS-IS summary, L1 - IS-IS level-1, L2 - IS-IS level-2
       ia - IS-IS inter area, * - candidate default, U - per-user static route
       o - ODR, P - periodic downloaded static route

Gateway of last resort is not set

     100.0.0.0/24 is subnetted, 1 subnets
C       100.100.100.0 is directly connected, FastEthernet0/0
     211.10.10.0/30 is subnetted, 1 subnets
C       211.10.10.252 is directly connected, GigabitEthernet4/0
ISP#show ip route
Codes: C - connected, S - static, R - RIP, M - mobile, B - BGP
       D - EIGRP, EX - EIGRP external, O - OSPF, IA - OSPF inter area 
       N1 - OSPF NSSA external type 1, N2 - OSPF NSSA external type 2
       E1 - OSPF external type 1, E2 - OSPF external type 2
       i - IS-IS, su - IS-IS summary, L1 - IS-IS level-1, L2 - IS-IS level-2
       ia - IS-IS inter area, * - candidate default, U - per-user static route
       o - ODR, P - periodic downloaded static route

Gateway of last resort is not set

     100.0.0.0/24 is subnetted, 1 subnets
C       100.100.100.0 is directly connected, FastEthernet0/0
     211.10.10.0/30 is subnetted, 1 subnets
C       211.10.10.252 is directly connected, GigabitEthernet4/0
ISP#show ip route
Codes: C - connected, S - static, R - RIP, M - mobile, B - BGP
       D - EIGRP, EX - EIGRP external, O - OSPF, IA - OSPF inter area 
       N1 - OSPF NSSA external type 1, N2 - OSPF NSSA external type 2
       E1 - OSPF external type 1, E2 - OSPF external type 2
       i - IS-IS, su - IS-IS summary, L1 - IS-IS level-1, L2 - IS-IS level-2
       ia - IS-IS inter area, * - candidate default, U - per-user static route
       o - ODR, P - periodic downloaded static route

Gateway of last resort is not set

     100.0.0.0/24 is subnetted, 1 subnets
C       100.100.100.0 is directly connected, FastEthernet0/0
     211.10.10.0/30 is subnetted, 1 subnets
C       211.10.10.252 is directly connected, GigabitEthernet4/0
ISP#show ip route
Codes: C - connected, S - static, R - RIP, M - mobile, B - BGP
       D - EIGRP, EX - EIGRP external, O - OSPF, IA - OSPF inter area 
       N1 - OSPF NSSA external type 1, N2 - OSPF NSSA external type 2
       E1 - OSPF external type 1, E2 - OSPF external type 2
       i - IS-IS, su - IS-IS summary, L1 - IS-IS level-1, L2 - IS-IS level-2
       ia - IS-IS inter area, * - candidate default, U - per-user static route
       o - ODR, P - periodic downloaded static route

Gateway of last resort is not set

     100.0.0.0/24 is subnetted, 1 subnets
C       100.100.100.0 is directly connected, FastEthernet0/0
     211.10.10.0/30 is subnetted, 1 subnets
C       211.10.10.252 is directly connected, GigabitEthernet4/0
ISP#show ip route
Codes: C - connected, S - static, R - RIP, M - mobile, B - BGP
       D - EIGRP, EX - EIGRP external, O - OSPF, IA - OSPF inter area 
       N1 - OSPF NSSA external type 1, N2 - OSPF NSSA external type 2
       E1 - OSPF external type 1, E2 - OSPF external type 2
       i - IS-IS, su - IS-IS summary, L1 - IS-IS level-1, L2 - IS-IS level-2
       ia - IS-IS inter area, * - candidate default, U - per-user static route
       o - ODR, P - periodic downloaded static route

Gateway of last resort is not set

     100.0.0.0/24 is subnetted, 1 subnets
C       100.100.100.0 is directly connected, FastEthernet0/0
     211.10.10.0/30 is subnetted, 1 subnets
C       211.10.10.252 is directly connected, GigabitEthernet4/0
ISP#show ip route
Codes: C - connected, S - static, R - RIP, M - mobile, B - BGP
       D - EIGRP, EX - EIGRP external, O - OSPF, IA - OSPF inter area 
       N1 - OSPF NSSA external type 1, N2 - OSPF NSSA external type 2
       E1 - OSPF external type 1, E2 - OSPF external type 2
       i - IS-IS, su - IS-IS summary, L1 - IS-IS level-1, L2 - IS-IS level-2
       ia - IS-IS inter area, * - candidate default, U - per-user static route
       o - ODR, P - periodic downloaded static route

Gateway of last resort is not set

     100.0.0.0/24 is subnetted, 1 subnets
C       100.100.100.0 is directly connected, FastEthernet0/0
     211.10.10.0/30 is subnetted, 1 subnets
C       211.10.10.252 is directly connected, GigabitEthernet4/0
ISP#show ip route
Codes: C - connected, S - static, R - RIP, M - mobile, B - BGP
       D - EIGRP, EX - EIGRP external, O - OSPF, IA - OSPF inter area 
       N1 - OSPF NSSA external type 1, N2 - OSPF NSSA external type 2
       E1 - OSPF external type 1, E2 - OSPF external type 2
       i - IS-IS, su - IS-IS summary, L1 - IS-IS level-1, L2 - IS-IS level-2
       ia - IS-IS inter area, * - candidate default, U - per-user static route
       o - ODR, P - periodic downloaded static route

Gateway of last resort is not set

     100.0.0.0/24 is subnetted, 1 subnets
C       100.100.100.0 is directly connected, FastEthernet0/0
     211.10.10.0/30 is subnetted, 1 subnets
C       211.10.10.252 is directly connected, GigabitEthernet4/0
ISP#show ip route
Codes: C - connected, S - static, R - RIP, M - mobile, B - BGP
       D - EIGRP, EX - EIGRP external, O - OSPF, IA - OSPF inter area 
       N1 - OSPF NSSA external type 1, N2 - OSPF NSSA external type 2
       E1 - OSPF external type 1, E2 - OSPF external type 2
       i - IS-IS, su - IS-IS summary, L1 - IS-IS level-1, L2 - IS-IS level-2
       ia - IS-IS inter area, * - candidate default, U - per-user static route
       o - ODR, P - periodic downloaded static route

Gateway of last resort is not set

     100.0.0.0/24 is subnetted, 1 subnets
C       100.100.100.0 is directly connected, FastEthernet0/0
     211.10.10.0/30 is subnetted, 1 subnets
C       211.10.10.252 is directly connected, GigabitEthernet4/0
ISP#show ip route
Codes: C - connected, S - static, R - RIP, M - mobile, B - BGP
       D - EIGRP, EX - EIGRP external, O - OSPF, IA - OSPF inter area 
       N1 - OSPF NSSA external type 1, N2 - OSPF NSSA external type 2
       E1 - OSPF external type 1, E2 - OSPF external type 2
       i - IS-IS, su - IS-IS summary, L1 - IS-IS level-1, L2 - IS-IS level-2
       ia - IS-IS inter area, * - candidate default, U - per-user static route
       o - ODR, P - periodic downloaded static route

Gateway of last resort is not set

     100.0.0.0/24 is subnetted, 1 subnets
C       100.100.100.0 is directly connected, FastEthernet0/0
     211.10.10.0/30 is subnetted, 1 subnets
C       211.10.10.252 is directly connected, GigabitEthernet4/0
ISP#
ISP#show ip route
Codes: C - connected, S - static, R - RIP, M - mobile, B - BGP
       D - EIGRP, EX - EIGRP external, O - OSPF, IA - OSPF inter area 
       N1 - OSPF NSSA external type 1, N2 - OSPF NSSA external type 2
       E1 - OSPF external type 1, E2 - OSPF external type 2
       i - IS-IS, su - IS-IS summary, L1 - IS-IS level-1, L2 - IS-IS level-2
       ia - IS-IS inter area, * - candidate default, U - per-user static route
       o - ODR, P - periodic downloaded static route

Gateway of last resort is not set

     100.0.0.0/24 is subnetted, 1 subnets
C       100.100.100.0 is directly connected, FastEthernet0/0
     211.10.10.0/30 is subnetted, 1 subnets
C       211.10.10.252 is directly connected, GigabitEthernet4/0
     191.1.0.0/28 is subnetted, 1 subnets
B       191.1.1.192 [20/0] via 211.10.10.254, 00:00:08
ISP#show ip route
Codes: C - connected, S - static, R - RIP, M - mobile, B - BGP
       D - EIGRP, EX - EIGRP external, O - OSPF, IA - OSPF inter area 
       N1 - OSPF NSSA external type 1, N2 - OSPF NSSA external type 2
       E1 - OSPF external type 1, E2 - OSPF external type 2
       i - IS-IS, su - IS-IS summary, L1 - IS-IS level-1, L2 - IS-IS level-2
       ia - IS-IS inter area, * - candidate default, U - per-user static route
       o - ODR, P - periodic downloaded static route

Gateway of last resort is not set

     100.0.0.0/24 is subnetted, 1 subnets
C       100.100.100.0 is directly connected, FastEthernet0/0
     211.10.10.0/30 is subnetted, 1 subnets
C       211.10.10.252 is directly connected, GigabitEthernet4/0
     191.1.0.0/16 is variably subnetted, 5 subnets, 3 masks
B       191.1.1.160/27 [20/0] via 211.10.10.254, 00:00:25
B       191.1.1.128/27 [20/0] via 211.10.10.254, 00:00:25
B       191.1.1.192/28 [20/0] via 211.10.10.254, 00:07:14
B       191.1.1.0/26 [20/0] via 211.10.10.254, 00:04:18
B       191.1.1.64/26 [20/0] via 211.10.10.254, 00:00:53
ISP#show ip route
Codes: C - connected, S - static, R - RIP, M - mobile, B - BGP
       D - EIGRP, EX - EIGRP external, O - OSPF, IA - OSPF inter area 
       N1 - OSPF NSSA external type 1, N2 - OSPF NSSA external type 2
       E1 - OSPF external type 1, E2 - OSPF external type 2
       i - IS-IS, su - IS-IS summary, L1 - IS-IS level-1, L2 - IS-IS level-2
       ia - IS-IS inter area, * - candidate default, U - per-user static route
       o - ODR, P - periodic downloaded static route

Gateway of last resort is not set

     100.0.0.0/24 is subnetted, 1 subnets
C       100.100.100.0 is directly connected, FastEthernet0/0
     211.10.10.0/30 is subnetted, 1 subnets
C       211.10.10.252 is directly connected, GigabitEthernet4/0
     191.1.0.0/16 is variably subnetted, 7 subnets, 4 masks
B       191.1.1.160/27 [20/0] via 211.10.10.254, 00:00:30
B       191.1.1.128/27 [20/0] via 211.10.10.254, 00:00:30
B       191.1.1.216/29 [20/0] via 211.10.10.254, 00:00:02
B       191.1.1.208/29 [20/0] via 211.10.10.254, 00:00:02
B       191.1.1.192/28 [20/0] via 211.10.10.254, 00:07:19
B       191.1.1.0/26 [20/0] via 211.10.10.254, 00:04:22
B       191.1.1.64/26 [20/0] via 211.10.10.254, 00:00:58
ISP#show ip route
Codes: C - connected, S - static, R - RIP, M - mobile, B - BGP
       D - EIGRP, EX - EIGRP external, O - OSPF, IA - OSPF inter area 
       N1 - OSPF NSSA external type 1, N2 - OSPF NSSA external type 2
       E1 - OSPF external type 1, E2 - OSPF external type 2
       i - IS-IS, su - IS-IS summary, L1 - IS-IS level-1, L2 - IS-IS level-2
       ia - IS-IS inter area, * - candidate default, U - per-user static route
       o - ODR, P - periodic downloaded static route

Gateway of last resort is not set

     100.0.0.0/24 is subnetted, 1 subnets
C       100.100.100.0 is directly connected, FastEthernet0/0
     211.10.10.0/30 is subnetted, 1 subnets
C       211.10.10.252 is directly connected, GigabitEthernet4/0
     191.1.0.0/16 is variably subnetted, 7 subnets, 4 masks
B       191.1.1.160/27 [20/0] via 211.10.10.254, 00:00:31
B       191.1.1.128/27 [20/0] via 211.10.10.254, 00:00:31
B       191.1.1.216/29 [20/0] via 211.10.10.254, 00:00:03
B       191.1.1.208/29 [20/0] via 211.10.10.254, 00:00:03
B       191.1.1.192/28 [20/0] via 211.10.10.254, 00:07:20
B       191.1.1.0/26 [20/0] via 211.10.10.254, 00:04:24
B       191.1.1.64/26 [20/0] via 211.10.10.254, 00:00:59
ISP#writw
Translating "writw"

Translating "writw"

Translating "writw"
% Unknown command or computer name, or unable to find computer address
ISP#write
Building configuration...
[OK]
ISP#

-------------------------------
-------------------------------
-------------------------------
-------------------------------
-------------------------------
-------------------------------

ISP#conf t
Enter configuration commands, one per line.  End with CNTL/Z.
ISP(config)#no router bgp 2
ISP(config)#router bgp 2
ISP(config-router)#address-family ipv4 unicast
ISP(config-router-af)#neighbor 211.10.10.254 remote-as 1
ISP(config-router-af)#network 100.100.100.0 mask 255.255.255.0
ISP(config-router-af)#address-family ipv6 unicast             
ISP(config-router-af)#neighbor 211.10.10.254 remote-as 1      
*Jan  4 00:40:06.419: %BGP-5-ADJCHANGE: neighbor 211.10.10.254 Up 
ISP(config-router-af)#neighbor 2100:A:A::254 remote-as 1   
ISP(config-router-af)#network 2001:2001:2001:2001::/64                       
ISP(config-router-af)#end
ISP#write
*Jan  4 00:42:48.227: %SYS-5-CONFIG_I: Configured from console by console
ISP#write
Warning: Attempting to overwrite an NVRAM configuration previously written
by a different version of the system image.
Overwrite the previous NVRAM configuration?[confirm]
Building configuration...
[OK]
ISP#
*Jan  4 00:43:08.547: %BGP-5-ADJCHANGE: neighbor 211.10.10.254 Down Peer closed the session
ISP#
*Jan  4 00:45:08.403: %BGP-5-ADJCHANGE: neighbor 211.10.10.254 Up 
ISP#
*Jan  4 00:47:29.231: %BGP-5-ADJCHANGE: neighbor 2100:A:A::254 Up 
ISP#conf t
Enter configuration commands, one per line.  End with CNTL/Z.
ISP(config)#end
ISP#
*Jan  4 00:49:25.931: %SYS-5-CONFIG_I: Configured from console by console
ISP#show ipv6 route
IPv6 Routing Table - 7 entries
Codes: C - Connected, L - Local, S - Static, R - RIP, B - BGP
       U - Per-user Static route
       I1 - ISIS L1, I2 - ISIS L2, IA - ISIS interarea, IS - ISIS summary
       O - OSPF intra, OI - OSPF inter, OE1 - OSPF ext 1, OE2 - OSPF ext 2
       ON1 - OSPF NSSA ext 1, ON2 - OSPF NSSA ext 2
C   2001:2001:2001:2001::/64 [0/0]
     via ::, FastEthernet0/0
L   2001:2001:2001:2001::1/128 [0/0]
     via ::, FastEthernet0/0
C   2100:A:A::/64 [0/0]
     via ::, GigabitEthernet4/0
L   2100:A:A::253/128 [0/0]
     via ::, GigabitEthernet4/0
B   2191:B:B:2::/64 [20/0]
     via FE80::C802:2CFF:FEDD:70, GigabitEthernet4/0
L   FE80::/10 [0/0]
     via ::, Null0
L   FF00::/8 [0/0]
     via ::, Null0
ISP#
