Trying 127.0.0.1...
Connected to 127.0.0.1.
Escape character is '^]'.
Connected to Dynamips VM "R1" (ID 2, type c7200) - Console port
Press ENTER to get the prompt.
 using this product you
agree to comply with applicable laws and regulations. If you are unable
to comply with U.S. and local laws, return this product immediately.

A summary of U.S. laws governing Cisco cryptographic products may be found at:
http://www.cisco.com/wwl/export/crypto/tool/stqrg.html

If you require further assistance please contact us by sending email to
export@cisco.com.

Cisco 7206VXR (NPE400) processor (revision A) with 491520K/32768K bytes of memory.
Processor board ID 4279256517
R7000 CPU at 150MHz, Implementation 39, Rev 2.1, 256KB L2, 512KB L3 Cache
6 slot VXR midplane, Version 2.1

Last reset from power-on

PCI bus mb0_mb1 has 900 bandwidth points
PCI bus mb2 has 600 bandwidth points
WARNING: PCI bus mb0_mb1 Exceeds 600 bandwidth points

4 FastEthernet interfaces
1 Gigabit Ethernet interface
12 Serial interfaces
1 ATM interface
509K bytes of NVRAM.

8192K bytes of Flash internal SIMM (Sector size 256K).
SETUP: new interface FastEthernet0/0 placed in "shutdown" state
SETUP: new interface ATM1/0 placed in "shutdown" state
SETUP: new interface FastEthernet2/0 placed in "shutdown" state
SETUP: new interface FastEthernet3/0 placed in "shutdown" state
SETUP: new interface FastEthernet3/1 placed in "shutdown" state
SETUP: new interface GigabitEthernet4/0 placed in "shutdown" state
SETUP: new interface Serial5/0 placed in "shutdown" state
SETUP: new interface Serial5/1 placed in "shutdown" state
SETUP: new interface Serial5/2 placed in "shutdown" state
SETUP: new interface Serial5/3 placed in "shutdown" state
SETUP: new interface Serial6/0 placed in "shutdown" state
SETUP: new interface Serial6/1 placed in "shutdown" state
SETUP: new interface Serial6/2 placed in "shutdown" state
SETUP: new interface Serial6/3 placed in "shutdown" state
SETUP: new interface Serial6/4 placed in "shutdown" state
SETUP: new interface Serial6/5 placed in "shutdown" state
SETUP: new interface Serial6/6 placed in "shutdown" state
SETUP: new interface Serial6/7 placed in "shutdown" state


Press RETURN to get started!


*Jan  2 02:49:10.451: %PLATFORM-3-PACONFIG: Exceeds 600 bandwidth points for slots 0, 1, 3 & 5
*Jan  2 02:49:12.675: %LINK-5-CHANGED: Interface FastEthernet3/0, changed state to administratively down
*Jan  2 02:49:12.715: %LINK-5-CHANGED: Interface FastEthernet3/1, changed state to administratively down
*Jan  2 02:49:12.723: %LINK-5-CHANGED: Interface GigabitEthernet4/0, changed state to administratively down
*Jan  2 02:49:12.735: %LINK-5-CHANGED: Interface Serial5/0, changed state to administratively down
*Jan  2 02:49:12.735: %LINK-5-CHANGED: Interface Serial5/1, changed state to administratively down
*Jan  2 02:49:12.735: %LINK-5-CHANGED: Interface Serial5/2, changed state to administratively down
*Jan  2 02:49:12.739: %LINK-5-CHANGED: Interface Serial5/3, changed state to administratively down
*Jan  2 02:49:12.739: %LINK-5-CHANGED: Interface Serial6/0, changed state to administratively down
*Jan  2 02:49:12.743: %LINK-5-CHANGED: Interface Serial6/1, changed state to administratively down
*Jan  2 02:49:12.743: %LINK-5-CHANGED: Interface Serial6/2, changed state to administratively down
*Jan  2 02:49:13.675: %LINEPROTO-5-UPDOWN: Line protocol on Interface FastEthernet3/0, changed state to down
*Jan  2 02:49:13.715: %LINEPROTO-5-UPDOWN: Line protocol on Interface FastEthernet3/1, changed state to down
*Jan  2 02:49:13.723: %LINEPROTO-5-UPDOWN: Line protocol on Interface GigabitEthernet4/0, changed state to down
*Jan  2 02:49:13.735: %LINEPROTO-5-UPDOWN: Line protocol on Interface Serial5/0, changed state to down
*Jan  2 02:49:13.735: %LINEPROTO-5-UPDOWN: Line protocol on Interface Serial5/1, changed state to down
*Jan  2 02:49:13.735: %LINEPROTO-5-UPDOWN: Line protocol on Interface Serial5/2, changed state to down
*Jan  2 02:49:13.739: %LINEPROTO-5-UPDOWN: Line protocol on Interface Serial5/3, changed state to down
*Jan  2 02:49:13.739: %LINEPROTO-5-UPDOWN: Line protocol on Interface Serial6/0, changed state to down
*Jan  2 02:49:13.743: %LINEPROTO-5-UPDOWN: Line protocol on Interface Serial6/1, changed state to down
*Jan  2 02:49:13.743: %LINEPROTO-5-UPDOWN: Line protocol on Interface Serial6/2, changed state to down
R1#conf t
Enter configuration commands, one per line.  End with CNTL/Z.
R1(config)#ip routing
R1(config)#ipv6 unicast-routing
R1(config)#int f0/0
R1(config-if)#no shut
R1(config-if)#ip a
*Jan  2 02:50:27.851: %LINK-3-UPDOWN: Interface FastEthernet0/0, changed state to up
*Jan  2 02:50:28.851: %LINEPROTO-5-UPDOWN: Line protocol on Interface FastEthernet0/0, changed state to up
R1(config-if)#ip address 192.168.2.1 255.255.255.0
R1(config-if)#ipv6 address 2191:B:B:2::1/64
R1(config-if)#int f2/0
R1(config-if)#no shut
R1(config-if)#ip address 192.168.2.1 255.255.255.0
*Jan  2 02:51:40.315: %LINK-3-UPDOWN: Interface FastEthernet2/0, changed state to up
*Jan  2 02:51:41.315: %LINEPROTO-5-UPDOWN: Line protocol on Interface FastEthernet2/0, changed state to up
R1(config-if)#ip address 192.168.9.1 255.255.255.0
R1(config-if)#ipv6 address 2191:B:B:9::1/64       
R1(config-if)#int f3/0                            
R1(config-if)#no shut                             
R1(config-if)#                             
*Jan  2 02:52:47.607: %LINK-3-UPDOWN: Interface FastEthernet3/0, changed state to up
*Jan  2 02:52:48.607: %LINEPROTO-5-UPDOWN: Line protocol on Interface FastEthernet3/0, changed state to up
R1(config-if)#ip address 192.168.10.1 255.255.255.0
R1(config-if)#ipv6 address 2191:B:B:A::1/64        
R1(config-if)#int f3/1                             
R1(config-if)#no shut                              
R1(config-if)#
*Jan  2 02:53:32.631: %LINK-3-UPDOWN: Interface FastEthernet3/1, changed state to up
*Jan  2 02:53:33.631: %LINEPROTO-5-UPDOWN: Line protocol on Interface FastEthernet3/1, changed state to up
R1(config-if)#ip address 192.168.11.1 255.255.255.0
R1(config-if)#ipv6 address 2191:B:B:B::1/64        
R1(config-if)#end
R1#sho
*Jan  2 02:54:05.547: %SYS-5-CONFIG_I: Configured from console by console
R1#show ip route
Codes: C - connected, S - static, R - RIP, M - mobile, B - BGP
       D - EIGRP, EX - EIGRP external, O - OSPF, IA - OSPF inter area 
       N1 - OSPF NSSA external type 1, N2 - OSPF NSSA external type 2
       E1 - OSPF external type 1, E2 - OSPF external type 2
       i - IS-IS, su - IS-IS summary, L1 - IS-IS level-1, L2 - IS-IS level-2
       ia - IS-IS inter area, * - candidate default, U - per-user static route
       o - ODR, P - periodic downloaded static route

Gateway of last resort is not set

C    192.168.9.0/24 is directly connected, FastEthernet2/0
C    192.168.10.0/24 is directly connected, FastEthernet3/0
C    192.168.11.0/24 is directly connected, FastEthernet3/1
C    192.168.2.0/24 is directly connected, FastEthernet0/0
R1#show ipv6 route
IPv6 Routing Table - 10 entries
Codes: C - Connected, L - Local, S - Static, R - RIP, B - BGP
       U - Per-user Static route
       I1 - ISIS L1, I2 - ISIS L2, IA - ISIS interarea, IS - ISIS summary
       O - OSPF intra, OI - OSPF inter, OE1 - OSPF ext 1, OE2 - OSPF ext 2
       ON1 - OSPF NSSA ext 1, ON2 - OSPF NSSA ext 2
C   2191:B:B:2::/64 [0/0]
     via ::, FastEthernet0/0
L   2191:B:B:2::1/128 [0/0]
     via ::, FastEthernet0/0
C   2191:B:B:9::/64 [0/0]
     via ::, FastEthernet2/0
L   2191:B:B:9::1/128 [0/0]
     via ::, FastEthernet2/0
C   2191:B:B:A::/64 [0/0]
     via ::, FastEthernet3/0
L   2191:B:B:A::1/128 [0/0]
     via ::, FastEthernet3/0
C   2191:B:B:B::/64 [0/0]
     via ::, FastEthernet3/1
L   2191:B:B:B::1/128 [0/0]
     via ::, FastEthernet3/1
L   FE80::/10 [0/0]
     via ::, Null0
L   FF00::/8 [0/0]
     via ::, Null0
R1#write
Warning: Attempting to overwrite an NVRAM configuration previously written
by a different version of the system image.
Overwrite the previous NVRAM configuration?[confirm]
Building configuration...
[OK]
R1#

-------------------------------
-------------------------------
-------------------------------
-------------------------------
-------------------------------
-------------------------------

R1#show ip interface brief
Interface                  IP-Address      OK? Method Status                Protocol
FastEthernet0/0            192.168.2.1     YES NVRAM  up                    up      
ATM1/0                     unassigned      YES NVRAM  administratively down down    
FastEthernet2/0            192.168.9.1     YES NVRAM  up                    up      
FastEthernet3/0            192.168.10.1    YES NVRAM  up                    up      
FastEthernet3/1            192.168.11.1    YES NVRAM  up                    up      
GigabitEthernet4/0         unassigned      YES NVRAM  administratively down down    
Serial5/0                  unassigned      YES NVRAM  administratively down down    
Serial5/1                  unassigned      YES NVRAM  administratively down down    
Serial5/2                  unassigned      YES NVRAM  administratively down down    
Serial5/3                  unassigned      YES NVRAM  administratively down down    
Serial6/0                  unassigned      YES NVRAM  administratively down down    
Serial6/1                  unassigned      YES NVRAM  administratively down down    
Serial6/2                  unassigned      YES NVRAM  administratively down down    
Serial6/3                  unassigned      YES NVRAM  administratively down down    
Serial6/4                  unassigned      YES NVRAM  administratively down down    
Serial6/5                  unassigned      YES NVRAM  administratively down down    
Serial6/6                  unassigned      YES NVRAM  administratively down down    
Serial6/7                  unassigned      YES NVRAM  administratively down down    
R1#conf t
Enter configuration commands, one per line.  End with CNTL/Z.
R1(config)#router ospf 1
R1(config-router)#network 192.168.2.0 0.0.0.255 area 0
R1(config-router)#network 192.168.9.0 0.0.0.255 area 0
R1(config-router)#network 192.168.10.0 0.0.0.255 area 0
R1(config-router)#network 192.168.11.0 0.0.0.255 area 0
R1(config-router)#
*Jan  2 21:29:31.747: %OSPF-5-ADJCHG: Process 1, Nbr 192.168.11.2 on FastEthernet3/1 from LOADING to FULL, Loading Done
R1(config-router)#
*Jan  2 21:29:35.015: %OSPF-5-ADJCHG: Process 1, Nbr 192.168.10.2 on FastEthernet3/0 from LOADING to FULL, Loading Done
R1(config-router)#end
R1#
*Jan  2 21:29:55.331: %SYS-5-CONFIG_I: Configured from console by console
R1#show ip route
Codes: C - connected, S - static, R - RIP, M - mobile, B - BGP
       D - EIGRP, EX - EIGRP external, O - OSPF, IA - OSPF inter area 
       N1 - OSPF NSSA external type 1, N2 - OSPF NSSA external type 2
       E1 - OSPF external type 1, E2 - OSPF external type 2
       i - IS-IS, su - IS-IS summary, L1 - IS-IS level-1, L2 - IS-IS level-2
       ia - IS-IS inter area, * - candidate default, U - per-user static route
       o - ODR, P - periodic downloaded static route

Gateway of last resort is not set

O    192.168.8.0/24 [110/2] via 192.168.11.2, 00:00:37, FastEthernet3/1
                    [110/2] via 192.168.10.2, 00:00:37, FastEthernet3/0
C    192.168.9.0/24 is directly connected, FastEthernet2/0
C    192.168.10.0/24 is directly connected, FastEthernet3/0
C    192.168.11.0/24 is directly connected, FastEthernet3/1
O    192.168.4.0/24 [110/2] via 192.168.11.2, 00:00:37, FastEthernet3/1
O    192.168.5.0/24 [110/2] via 192.168.11.2, 00:00:37, FastEthernet3/1
                    [110/2] via 192.168.10.2, 00:00:37, FastEthernet3/0
O    192.168.6.0/24 [110/2] via 192.168.11.2, 00:00:37, FastEthernet3/1
                    [110/2] via 192.168.10.2, 00:00:37, FastEthernet3/0
O    192.168.7.0/24 [110/2] via 192.168.11.2, 00:00:37, FastEthernet3/1
                    [110/2] via 192.168.10.2, 00:00:37, FastEthernet3/0
C    192.168.2.0/24 is directly connected, FastEthernet0/0
O    192.168.3.0/24 [110/11] via 192.168.11.2, 00:00:38, FastEthernet3/1
                    [110/11] via 192.168.10.2, 00:00:38, FastEthernet3/0
R1#write
Warning: Attempting to overwrite an NVRAM configuration previously written
by a different version of the system image.
Overwrite the previous NVRAM configuration?[confirm]
Building configuration...
[OK]
R1#conf t
Enter configuration commands, one per line.  End with CNTL/Z.
R1(config)#ipv6 router ospf 1
R1(config-rtr)#router-id 1.1.1.1
R1(config-rtr)#int f0/0
R1(config-if)#ipv6 ospf 1 area 0
R1(config-if)#int f2/0          
R1(config-if)#ipv6 ospf 1 area 0
R1(config-if)#int f3/0          
R1(config-if)#ipv6 ospf 1 area 0
R1(config-if)#int f3/1          
R1(config-if)#ipv6 ospf 1 area 0
R1(config-if)#end
R1#
*Jan  2 21:38:46.847: %SYS-5-CONFIG_I: Configured from console by console
R1#
*Jan  2 21:40:10.219: %OSPFv3-5-ADJCHG: Process 1, Nbr 2.2.2.2 on FastEthernet3/0 from LOADING to FULL, Loading Done
R1#
*Jan  2 21:43:23.471: %OSPFv3-5-ADJCHG: Process 1, Nbr 3.3.3.3 on FastEthernet3/1 from LOADING to FULL, Loading Done
R1#show ipv6 route
IPv6 Routing Table - 16 entries
Codes: C - Connected, L - Local, S - Static, R - RIP, B - BGP
       U - Per-user Static route
       I1 - ISIS L1, I2 - ISIS L2, IA - ISIS interarea, IS - ISIS summary
       O - OSPF intra, OI - OSPF inter, OE1 - OSPF ext 1, OE2 - OSPF ext 2
       ON1 - OSPF NSSA ext 1, ON2 - OSPF NSSA ext 2
C   2191:B:B:2::/64 [0/0]
     via ::, FastEthernet0/0
L   2191:B:B:2::1/128 [0/0]
     via ::, FastEthernet0/0
O   2191:B:B:3::/64 [110/11]
     via FE80::C005:2DFF:FE31:0, FastEthernet3/0
     via FE80::C006:2DFF:FE40:0, FastEthernet3/1
O   2191:B:B:4::/64 [110/2]
     via FE80::C006:2DFF:FE40:0, FastEthernet3/1
O   2191:B:B:5::/64 [110/2]
     via FE80::C005:2DFF:FE31:0, FastEthernet3/0
     via FE80::C006:2DFF:FE40:0, FastEthernet3/1
O   2191:B:B:6::/64 [110/2]
     via FE80::C005:2DFF:FE31:0, FastEthernet3/0
     via FE80::C006:2DFF:FE40:0, FastEthernet3/1
O   2191:B:B:7::/64 [110/2]
     via FE80::C005:2DFF:FE31:0, FastEthernet3/0
     via FE80::C006:2DFF:FE40:0, FastEthernet3/1
O   2191:B:B:8::/64 [110/2]
     via FE80::C005:2DFF:FE31:0, FastEthernet3/0
     via FE80::C006:2DFF:FE40:0, FastEthernet3/1
C   2191:B:B:9::/64 [0/0]
     via ::, FastEthernet2/0
L   2191:B:B:9::1/128 [0/0]
     via ::, FastEthernet2/0
C   2191:B:B:A::/64 [0/0]
     via ::, FastEthernet3/0
L   2191:B:B:A::1/128 [0/0]
     via ::, FastEthernet3/0
C   2191:B:B:B::/64 [0/0]
     via ::, FastEthernet3/1
L   2191:B:B:B::1/128 [0/0]
     via ::, FastEthernet3/1
L   FE80::/10 [0/0]
     via ::, Null0
L   FF00::/8 [0/0]
     via ::, Null0
R1#write
Building configuration...
[OK]
R1#

-------------------------------
-------------------------------
-------------------------------
-------------------------------
-------------------------------
-------------------------------

R1#conf t
Enter configuration commands, one per line.  End with CNTL/Z.
R1(config)#ip nat pool ENGI 191.1.1.0 191.1.1.63 netmask 255.255.255.192
R1(config)#ip nat pool SITEB 191.1.1.64 191.1.1.127 netmask 255.255.255.192 
R1(config)#ip nat pool SITEB 191.1.1.128 191.1.1.159 netmask 255.255.255.224
R1(config)#ip nat pool SITEB 191.1.1.64 191.1.1.127 netmask 255.255.255.192 
R1(config)#ip nat pool DATA  191.1.1.128 191.1.1.159 netmask 255.255.255.224
R1(config)#ip nat pool OLD  191.1.1.160 191.1.1.191 netmask 255.255.255.224 
R1(config)#ip nat pool DMZ  191.1.1.192 191.1.1.207 netmask 255.255.255.240
R1(config)#ip nat pool VIDEO  191.1.1.208 191.1.1.215 netmask 255.255.255.248
R1(config)#ip nat pool NATPAT  191.1.1.216 191.1.1.223 netmask 255.255.255.248
R1(config)#access-list 1 permit 192.168.1.0 0.0.0.255
R1(config)#access-list 2 permit 192.168.2.0 0.0.0.255
R1(config)#access-list 3 permit 192.168.3.0 0.0.0.255
R1(config)#access-list 4 permit 192.168.4.0 0.0.0.255
R1(config)#access-list 5 permit 192.168.5.0 0.0.0.255
R1(config)#access-list 6 permit 192.168.6.0 0.0.0.255
R1(config)#access-list 7 permit 192.168.7.0 0.0.0.255
R1(config)#access-list 8 permit 192.168.8.0 0.0.0.255
R1(config)#no access-list 5 permit 192.168.5.0 0.0.0.255
R1(config)#no access-list 7 permit 192.168.7.0 0.0.0.255
R1(config)#ip access-list extended 57
% 
% Invalid access list name.
R1(config)#ip access-list extended onlyPrivate
R1(config-ext-nacl)#deny ip any any
R1(config-ext-nacl)#permit ip 192.168.5.0 0.0.0.255
% Incomplete command.

R1(config-ext-nacl)#permit ip 192.168.5.0 0.0.0.255 any
R1(config-ext-nacl)#permit ip 192.168.7.0 0.0.0.255 any
R1(config-ext-nacl)#exit
R1(config)#no permit ip 192.168.7.0 0.0.0.255 any
               ^
% Invalid input detected at '^' marker.

R1(config)#no ip access-list extended onlyPrivate
R1(config)#ip access-list extended onlyPrivate   
R1(config-ext-nacl)#deny ip any any                       
R1(config-ext-nacl)#permit ip 192.168.5.0 0.0.0.255 any   
R1(config-ext-nacl)#permit ip 192.168.7.0 0.0.0.255 any   
R1(config-ext-nacl)#exit
R1(config)#ip nat inside source list onlyPrivate pool NATPAT
R1(config)#ip nat inside source list 1 pool SITEB           
R1(config)#ip nat inside source list 2 pool DMZ  
R1(config)#ip nat inside source list 3 pool DATA
R1(config)#ip nat inside source list 4 pool OLD 
R1(config)#ip nat inside source list 6 pool ENGI
R1(config)#ip nat inside source list 8 pool VIDEO
R1(config)#int f0/0
R1(config-if)#ip nat inside
R1(config-if)#int f2/0     
R1(config-if)#ip nat inside
R1(config-if)#int f3/0     
R1(config-if)#ip nat inside
R1(config-if)#int f3/1     
R1(config-if)#ip nat inside
R1(config-if)#int f4/0     
                  ^
% Invalid input detected at '^' marker.

R1(config)#int g4/0
R1(config-if)#ip nat outside
R1(config-if)#end
R1#sh
*Jan  3 00:43:19.679: %SYS-5-CONFIG_I: Configured from console by console
R1#show ip nat translations

R1#write
Warning: Attempting to overwrite an NVRAM configuration previously written
by a different version of the system image.
Overwrite the previous NVRAM configuration?[confirm]
Building configuration...
[OK]
R1#show ip route
Codes: C - connected, S - static, R - RIP, M - mobile, B - BGP
       D - EIGRP, EX - EIGRP external, O - OSPF, IA - OSPF inter area 
       N1 - OSPF NSSA external type 1, N2 - OSPF NSSA external type 2
       E1 - OSPF external type 1, E2 - OSPF external type 2
       i - IS-IS, su - IS-IS summary, L1 - IS-IS level-1, L2 - IS-IS level-2
       ia - IS-IS inter area, * - candidate default, U - per-user static route
       o - ODR, P - periodic downloaded static route

Gateway of last resort is not set

     211.10.10.0/30 is subnetted, 1 subnets
C       211.10.10.252 is directly connected, GigabitEthernet4/0
C    192.168.9.0/24 is directly connected, FastEthernet2/0
C    192.168.10.0/24 is directly connected, FastEthernet3/0
C    192.168.11.0/24 is directly connected, FastEthernet3/1
C    192.168.2.0/24 is directly connected, FastEthernet0/0
R1#conf t
Enter configuration commands, one per line.  End with CNTL/Z.
R1(config)#ip nat inside source list onlyPrivate pool NATPAT overload 
R1(config)#end
R1#wri
*Jan  3 00:46:02.455: %SYS-5-CONFIG_I: Configured from console by console
R1#write
Building configuration...
[OK]
R1#
*Jan  3 00:46:33.355: %OSPF-5-ADJCHG: Process 1, Nbr 192.168.10.2 on FastEthernet3/0 from LOADING to FULL, Loading Done
*Jan  3 00:46:34.055: %OSPF-5-ADJCHG: Process 1, Nbr 192.168.11.2 on FastEthernet3/1 from LOADING to FULL, Loading Done
R1#
*Jan  3 00:47:03.427: %OSPFv3-5-ADJCHG: Process 1, Nbr 2.2.2.2 on FastEthernet3/0 from LOADING to FULL, Loading Done
*Jan  3 00:47:04.119: %OSPFv3-5-ADJCHG: Process 1, Nbr 3.3.3.3 on FastEthernet3/1 from LOADING to FULL, Loading Done
R1#

-------------------------------
-------------------------------
-------------------------------
-------------------------------
-------------------------------
-------------------------------

R1#conf t
Enter configuration commands, one per line.  End with CNTL/Z.
R1(config)#router bgp 1
R1(config-router)#neighb
*Jan  3 19:55:22.475: %OSPF-5-ADJCHG: Process 1, Nbr 192.168.11.2 on FastEthernet3/1 from LOADING to FULL, Loading Done
*Jan  3 19:55:22.475: %OSPF-5-ADJCHG: Process 1, Nbr 192.168.10.2 on FastEthernet3/0 from LOADING to FULL, Loading Done
R1(config-router)#neighbor 
*Jan  3 19:55:26.119: %OSPFv3-5-ADJCHG: Process 1, Nbr 2.2.2.2 on FastEthernet3/0 from LOADING to FULL, Loading Done
R1(config-router)#neighbor 2
*Jan  3 19:55:27.283: %OSPFv3-5-ADJCHG: Process 1, Nbr 3.3.3.3 on FastEthernet3/1 from LOADING to FULL, Loading Done
R1(config-router)#neighbor 211.10.10.253 remote-as 2
R1(config-router)#
*Jan  3 19:58:30.059: %BGP-5-ADJCHANGE: neighbor 211.10.10.253 Up 
R1(config-router)#network 191.1.1.0 mask 255.255.255.0
R1(config-router)#end
R1#
*Jan  3 20:00:23.911: %SYS-5-CONFIG_I: Configured from console by console
R1#conf t
Enter configuration commands, one per line.  End with CNTL/Z.
R1(config)#router ospf 1
R1(config-router)#default-information originate always
R1(config-router)#end
R1#
*Jan  3 20:01:09.395: %SYS-5-CONFIG_I: Configured from console by console
R1#conf t
Enter configuration commands, one per line.  End with CNTL/Z.
R1(config)#router bgp 1
R1(config-router)#redistribute ospf 1
R1(config-router)#end
R1#
*Jan  3 20:02:23.123: %SYS-5-CONFIG_I: Configured from console by console
R1#write
Warning: Attempting to overwrite an NVRAM configuration previously written
by a different version of the system image.
Overwrite the previous NVRAM configuration?[confirm]
Building configuration...
[OK]
R1#show ip route
Codes: C - connected, S - static, R - RIP, M - mobile, B - BGP
       D - EIGRP, EX - EIGRP external, O - OSPF, IA - OSPF inter area 
       N1 - OSPF NSSA external type 1, N2 - OSPF NSSA external type 2
       E1 - OSPF external type 1, E2 - OSPF external type 2
       i - IS-IS, su - IS-IS summary, L1 - IS-IS level-1, L2 - IS-IS level-2
       ia - IS-IS inter area, * - candidate default, U - per-user static route
       o - ODR, P - periodic downloaded static route

Gateway of last resort is not set

O    192.168.8.0/24 [110/2] via 192.168.11.2, 00:02:20, FastEthernet3/1
                    [110/2] via 192.168.10.2, 00:02:20, FastEthernet3/0
     211.10.10.0/30 is subnetted, 1 subnets
C       211.10.10.252 is directly connected, GigabitEthernet4/0
C    192.168.9.0/24 is directly connected, FastEthernet2/0
C    192.168.10.0/24 is directly connected, FastEthernet3/0
C    192.168.11.0/24 is directly connected, FastEthernet3/1
O    192.168.4.0/24 [110/2] via 192.168.11.2, 00:02:20, FastEthernet3/1
O    192.168.5.0/24 [110/2] via 192.168.11.2, 00:02:20, FastEthernet3/1
                    [110/2] via 192.168.10.2, 00:02:20, FastEthernet3/0
O    192.168.6.0/24 [110/2] via 192.168.11.2, 00:02:20, FastEthernet3/1
                    [110/2] via 192.168.10.2, 00:02:20, FastEthernet3/0
O    192.168.7.0/24 [110/2] via 192.168.11.2, 00:02:20, FastEthernet3/1
                    [110/2] via 192.168.10.2, 00:02:20, FastEthernet3/0
C    192.168.2.0/24 is directly connected, FastEthernet0/0
O    192.168.3.0/24 [110/11] via 192.168.11.2, 00:02:21, FastEthernet3/1
                    [110/11] via 192.168.10.2, 00:02:21, FastEthernet3/0
R1#ping 211.10.10.253

Type escape sequence to abort.
Sending 5, 100-byte ICMP Echos to 211.10.10.253, timeout is 2 seconds:
!!!!!
Success rate is 100 percent (5/5), round-trip min/avg/max = 8/11/16 ms
R1#show ip route     
Codes: C - connected, S - static, R - RIP, M - mobile, B - BGP
       D - EIGRP, EX - EIGRP external, O - OSPF, IA - OSPF inter area 
       N1 - OSPF NSSA external type 1, N2 - OSPF NSSA external type 2
       E1 - OSPF external type 1, E2 - OSPF external type 2
       i - IS-IS, su - IS-IS summary, L1 - IS-IS level-1, L2 - IS-IS level-2
       ia - IS-IS inter area, * - candidate default, U - per-user static route
       o - ODR, P - periodic downloaded static route

Gateway of last resort is not set

     100.0.0.0/24 is subnetted, 1 subnets
B       100.100.100.0 [20/0] via 211.10.10.253, 00:02:30
O    192.168.8.0/24 [110/2] via 192.168.11.2, 00:05:28, FastEthernet3/1
                    [110/2] via 192.168.10.2, 00:05:28, FastEthernet3/0
     211.10.10.0/30 is subnetted, 1 subnets
C       211.10.10.252 is directly connected, GigabitEthernet4/0
C    192.168.9.0/24 is directly connected, FastEthernet2/0
C    192.168.10.0/24 is directly connected, FastEthernet3/0
C    192.168.11.0/24 is directly connected, FastEthernet3/1
O    192.168.4.0/24 [110/2] via 192.168.11.2, 00:05:28, FastEthernet3/1
O    192.168.5.0/24 [110/2] via 192.168.11.2, 00:05:28, FastEthernet3/1
                    [110/2] via 192.168.10.2, 00:05:28, FastEthernet3/0
O    192.168.6.0/24 [110/2] via 192.168.11.2, 00:05:28, FastEthernet3/1
                    [110/2] via 192.168.10.2, 00:05:28, FastEthernet3/0
O    192.168.7.0/24 [110/2] via 192.168.11.2, 00:05:28, FastEthernet3/1
                    [110/2] via 192.168.10.2, 00:05:28, FastEthernet3/0
C    192.168.2.0/24 is directly connected, FastEthernet0/0
O    192.168.3.0/24 [110/11] via 192.168.11.2, 00:05:28, FastEthernet3/1
                    [110/11] via 192.168.10.2, 00:05:28, FastEthernet3/0
R1#conf t            
Enter configuration commands, one per line.  End with CNTL/Z.
R1(config)#router bgp 1                        
R1(config-router)#no network 191.1.1.0 mask 255.255.255.0
R1(config-router)#end
R1#
*Jan  3 20:11:40.803: %SYS-5-CONFIG_I: Configured from console by console
R1#write
Building configuration...
[OK]
R1#show ip route
Codes: C - connected, S - static, R - RIP, M - mobile, B - BGP
       D - EIGRP, EX - EIGRP external, O - OSPF, IA - OSPF inter area 
       N1 - OSPF NSSA external type 1, N2 - OSPF NSSA external type 2
       E1 - OSPF external type 1, E2 - OSPF external type 2
       i - IS-IS, su - IS-IS summary, L1 - IS-IS level-1, L2 - IS-IS level-2
       ia - IS-IS inter area, * - candidate default, U - per-user static route
       o - ODR, P - periodic downloaded static route

Gateway of last resort is not set

     100.0.0.0/24 is subnetted, 1 subnets
B       100.100.100.0 [20/0] via 211.10.10.253, 00:08:23
O    192.168.8.0/24 [110/2] via 192.168.11.2, 00:11:20, FastEthernet3/1
                    [110/2] via 192.168.10.2, 00:11:20, FastEthernet3/0
     211.10.10.0/30 is subnetted, 1 subnets
C       211.10.10.252 is directly connected, GigabitEthernet4/0
C    192.168.9.0/24 is directly connected, FastEthernet2/0
C    192.168.10.0/24 is directly connected, FastEthernet3/0
C    192.168.11.0/24 is directly connected, FastEthernet3/1
O    192.168.4.0/24 [110/2] via 192.168.11.2, 00:11:20, FastEthernet3/1
O    192.168.5.0/24 [110/2] via 192.168.11.2, 00:11:20, FastEthernet3/1
                    [110/2] via 192.168.10.2, 00:11:20, FastEthernet3/0
O    192.168.6.0/24 [110/2] via 192.168.11.2, 00:11:20, FastEthernet3/1
                    [110/2] via 192.168.10.2, 00:11:20, FastEthernet3/0
O    192.168.7.0/24 [110/2] via 192.168.11.2, 00:11:21, FastEthernet3/1
                    [110/2] via 192.168.10.2, 00:11:21, FastEthernet3/0
C    192.168.2.0/24 is directly connected, FastEthernet0/0
O    192.168.3.0/24 [110/11] via 192.168.11.2, 00:11:21, FastEthernet3/1
                    [110/11] via 192.168.10.2, 00:11:21, FastEthernet3/0
R1#conf t
Enter configuration commands, one per line.  End with CNTL/Z.
R1(config)#router bgp 1
R1(config-router)#network 191.1.1.0 mask 255.255.255.0   
R1(config-router)#exit
R1(config)#ip route 191.1.1.0 255.255.255.0 Null0
R1(config)#end
R1#
*Jan  3 20:15:02.467: %SYS-5-CONFIG_I: Configured from console by console
R1#conf t
Enter configuration commands, one per line.  End with CNTL/Z.
R1(config)#router bgp 1
R1(config-router)#no redistribute ospf
% Incomplete command.

R1(config-router)#no redistribute ospf 1
R1(config-router)#no network 191.1.1.0 mask 255.255.255.0
R1(config-router)#network 191.1.1.192 mask 255.255.255.240
R1(config-router)#exit
R1(config)#no ip route 191.1.1.0 255.255.255.0 Null0
R1(config)#no ip route 191.1.1.192 255.255.255.240 Null0
%No matching route to delete
R1(config)#ip route 191.1.1.192 255.255.255.240 Null0   
R1(config)#no ip route 191.1.1.192 255.255.255.240 Null0
R1(config)#router bgp 1                                 
R1(config-router)#no ip route 191.1.1.192 255.255.255.240 Null0
%No matching route to delete
R1(config)#router bgp 1                                 
R1(config-router)#no ip route 191.1.1.0 255.255.255.0 Null0    
%No matching route to delete
R1(config)#router bgp 1                             
R1(config-router)#no network 191.1.1.192 mask 255.255.255.240  
R1(config-router)#ip route 191.1.1.0 255.255.255.0 Null0       
R1(config)#no ip route 191.1.1.192 255.255.255.240 Null0
%No matching route to delete
R1(config)#no ip route 191.1.1.0 255.255.255.0 Null0    
R1(config)#ip route 191.1.1.0 255.255.255.0 Null0       
R1(config)#end
R1#
*Jan  3 20:31:01.963: %SYS-5-CONFIG_I: Configured from console by console
R1#show ip route
Codes: C - connected, S - static, R - RIP, M - mobile, B - BGP
       D - EIGRP, EX - EIGRP external, O - OSPF, IA - OSPF inter area 
       N1 - OSPF NSSA external type 1, N2 - OSPF NSSA external type 2
       E1 - OSPF external type 1, E2 - OSPF external type 2
       i - IS-IS, su - IS-IS summary, L1 - IS-IS level-1, L2 - IS-IS level-2
       ia - IS-IS inter area, * - candidate default, U - per-user static route
       o - ODR, P - periodic downloaded static route

Gateway of last resort is not set

     100.0.0.0/24 is subnetted, 1 subnets
B       100.100.100.0 [20/0] via 211.10.10.253, 00:27:45
O    192.168.8.0/24 [110/2] via 192.168.11.2, 00:30:42, FastEthernet3/1
                    [110/2] via 192.168.10.2, 00:30:42, FastEthernet3/0
     211.10.10.0/30 is subnetted, 1 subnets
C       211.10.10.252 is directly connected, GigabitEthernet4/0
     191.1.0.0/24 is subnetted, 1 subnets
S       191.1.1.0 is directly connected, Null0
C    192.168.9.0/24 is directly connected, FastEthernet2/0
C    192.168.10.0/24 is directly connected, FastEthernet3/0
C    192.168.11.0/24 is directly connected, FastEthernet3/1
O    192.168.4.0/24 [110/2] via 192.168.11.2, 00:30:42, FastEthernet3/1
O    192.168.5.0/24 [110/2] via 192.168.11.2, 00:30:42, FastEthernet3/1
                    [110/2] via 192.168.10.2, 00:30:42, FastEthernet3/0
O    192.168.6.0/24 [110/2] via 192.168.11.2, 00:30:44, FastEthernet3/1
                    [110/2] via 192.168.10.2, 00:30:44, FastEthernet3/0
O    192.168.7.0/24 [110/2] via 192.168.11.2, 00:30:44, FastEthernet3/1
                    [110/2] via 192.168.10.2, 00:30:44, FastEthernet3/0
C    192.168.2.0/24 is directly connected, FastEthernet0/0
O    192.168.3.0/24 [110/11] via 192.168.11.2, 00:30:44, FastEthernet3/1
                    [110/11] via 192.168.10.2, 00:30:44, FastEthernet3/0
R1#conf t       
Enter configuration commands, one per line.  End with CNTL/Z.
R1(config)#router bgp 1                                 
R1(config-router)#no ip route 191.1.1.0 255.255.255.0 Null0
R1(config)#router bgp 1                             
R1(config-router)#no network 191.1.1.192 mask 255.255.255.240  
R1(config-router)#no network 191.1.1.0 mask 255.255.255.0    
R1(config-router)#network 191.1.1.192 mask 255.255.255.240   
R1(config-router)#exit
R1(config)#no ip route 191.1.1.0 255.255.255.0 Null0  
%No matching route to delete
R1(config)#no ip route 191.1.1.192 255.255.255.240 Null0
%No matching route to delete
R1(config)#ip route 191.1.1.192 255.255.255.240 Null0   
R1(config)#end
R1#writ
*Jan  3 20:34:13.147: %SYS-5-CONFIG_I: Configured from console by console
R1#write
Building configuration...
[OK]
R1#conf t       
Enter configuration commands, one per line.  End with CNTL/Z.
R1(config)#router bgp 1                                 
R1(config-router)#ip route 191.1.1.0 255.255.255.192 Null0  
R1(config)#router bgp 1                            
R1(config-router)#network 191.1.1.0 mask 255.255.255.192       
R1(config-router)#network 191.1.1.64 mask 255.255.255.192
R1(config-router)#network 191.1.1.128 mask 255.255.255.224
R1(config-router)#network 191.1.1.160 mask 255.255.255.224
R1(config-router)#network 191.1.1.192 mask 255.255.255.240     
R1(config-router)#network 191.1.1.208 mask 255.255.255.248
R1(config-router)#network 191.1.1.216 mask 255.255.255.248
R1(config-router)#exit
R1(config)#ip route 191.1.1.0 255.255.255.192 Null0
R1(config)#ip route 191.1.1.64 255.255.255.192 Null0
R1(config)#ip route 191.1.1.128 255.255.255.224 Null0
R1(config)#ip route 191.1.1.160 255.255.255.224 Null0
R1(config)#ip route 191.1.1.192 255.255.255.240 Null0
R1(config)#ip route 191.1.1.208 255.255.255.248 Null0
R1(config)#ip route 191.1.1.216 255.255.255.248 Null0
R1(config)#end
R1#write
*Jan  3 20:41:19.979: %SYS-5-CONFIG_I: Configured from console by console
R1#write
Building configuration...
[OK]
R1#

-------------------------------
-------------------------------
-------------------------------
-------------------------------
-------------------------------
-------------------------------

R1#conf t
Enter configuration commands, one per line.  End with CNTL/Z.
R1(config)#ip route 192.168.1.0 255.255.255.0 192.168.9.2
R1(config)#end
R1#
*Jan  3 21:22:41.699: %SYS-5-CONFIG_I: Configured from console by console
R1#show ip route
Codes: C - connected, S - static, R - RIP, M - mobile, B - BGP
       D - EIGRP, EX - EIGRP external, O - OSPF, IA - OSPF inter area 
       N1 - OSPF NSSA external type 1, N2 - OSPF NSSA external type 2
       E1 - OSPF external type 1, E2 - OSPF external type 2
       i - IS-IS, su - IS-IS summary, L1 - IS-IS level-1, L2 - IS-IS level-2
       ia - IS-IS inter area, * - candidate default, U - per-user static route
       o - ODR, P - periodic downloaded static route

Gateway of last resort is not set

     100.0.0.0/24 is subnetted, 1 subnets
B       100.100.100.0 [20/0] via 211.10.10.253, 01:19:09
O    192.168.8.0/24 [110/2] via 192.168.11.2, 01:22:06, FastEthernet3/1
                    [110/2] via 192.168.10.2, 01:22:06, FastEthernet3/0
     211.10.10.0/30 is subnetted, 1 subnets
C       211.10.10.252 is directly connected, GigabitEthernet4/0
     191.1.0.0/16 is variably subnetted, 7 subnets, 4 masks
S       191.1.1.160/27 is directly connected, Null0
S       191.1.1.128/27 is directly connected, Null0
S       191.1.1.216/29 is directly connected, Null0
S       191.1.1.208/29 is directly connected, Null0
S       191.1.1.192/28 is directly connected, Null0
S       191.1.1.0/26 is directly connected, Null0
S       191.1.1.64/26 is directly connected, Null0
C    192.168.9.0/24 is directly connected, FastEthernet2/0
C    192.168.10.0/24 is directly connected, FastEthernet3/0
C    192.168.11.0/24 is directly connected, FastEthernet3/1
O    192.168.4.0/24 [110/2] via 192.168.11.2, 01:22:07, FastEthernet3/1
O    192.168.5.0/24 [110/2] via 192.168.11.2, 01:22:07, FastEthernet3/1
                    [110/2] via 192.168.10.2, 01:22:07, FastEthernet3/0
O    192.168.6.0/24 [110/2] via 192.168.11.2, 01:22:07, FastEthernet3/1
                    [110/2] via 192.168.10.2, 01:22:07, FastEthernet3/0
O    192.168.7.0/24 [110/2] via 192.168.11.2, 01:22:07, FastEthernet3/1
                    [110/2] via 192.168.10.2, 01:22:07, FastEthernet3/0
S    192.168.1.0/24 [1/0] via 192.168.9.2
C    192.168.2.0/24 is directly connected, FastEthernet0/0
O    192.168.3.0/24 [110/11] via 192.168.11.2, 01:22:07, FastEthernet3/1
                    [110/11] via 192.168.10.2, 01:22:07, FastEthernet3/0
R1#show ip nat statistics
Total active translations: 5 (0 static, 5 dynamic; 0 extended)
Outside interfaces:
  GigabitEthernet4/0
Inside interfaces: 
  FastEthernet0/0, FastEthernet2/0, FastEthernet3/0, FastEthernet3/1
Hits: 75  Misses: 89
CEF Translated packets: 164, CEF Punted packets: 0
Expired translations: 89
Dynamic mappings:
-- Inside Source
[Id: 1] access-list 1 pool SITEB refcount 1
 pool SITEB: netmask 255.255.255.192
        start 191.1.1.64 end 191.1.1.127
        type generic, total addresses 64, allocated 1 (1%), misses 0
[Id: 2] access-list 2 pool DMZ refcount 2
 pool DMZ: netmask 255.255.255.240
        start 191.1.1.192 end 191.1.1.207
        type generic, total addresses 16, allocated 2 (12%), misses 0
[Id: 3] access-list 3 pool DATA refcount 0
 pool DATA: netmask 255.255.255.224
        start 191.1.1.128 end 191.1.1.159
        type generic, total addresses 32, allocated 0 (0%), misses 0
[Id: 4] access-list 4 pool OLD refcount 0
 pool OLD: netmask 255.255.255.224
        start 191.1.1.160 end 191.1.1.191
        type generic, total addresses 32, allocated 0 (0%), misses 0
[Id: 5] access-list 6 pool ENGI refcount 2
 pool ENGI: netmask 255.255.255.192
        start 191.1.1.0 end 191.1.1.63
        type generic, total addresses 64, allocated 2 (3%), misses 0
[Id: 6] access-list 8 pool VIDEO refcount 0
 pool VIDEO: netmask 255.255.255.248
        start 191.1.1.208 end 191.1.1.215
        type generic, total addresses 8, allocated 0 (0%), misses 0
[Id: 7] access-list onlyPrivate pool NATPAT refcount 0
 pool NATPAT: netmask 255.255.255.248
        start 191.1.1.216 end 191.1.1.223
        type generic, total addresses 8, allocated 0 (0%), misses 0
Queued Packets: 0
R1#conf t
Enter configuration commands, one per line.  End with CNTL/Z.
R1(config)#no ip access-list extended OnlyPrivate
R1(config)#end
R1#show ip nat statistics
Total active translations: 5 (0 static, 5 dynamic; 0 extended)
Outside interfaces:
  GigabitEthernet4/0
Inside interfaces: 
  FastEthernet0/0, FastEthernet2/0, FastEthernet3/0, FastEthernet3/1
Hits: 75  Misses: 89
CEF Translated packets: 164, CEF Punted packets: 0
Expired translations: 89
Dynamic mappings:
-- Inside Source
[Id: 1] access-list 1 pool SITEB refcount 1
 pool SITEB: netmask 255.255.255.192
        start 191.1.1.64 end 191.1.1.127
        type generic, total addresses 64, allocated 1 (1%), misses 0
[Id: 2] access-list 2 pool DMZ refcount 2
 pool DMZ: netmask 255.255.255.240
        start 191.1.1.192 end 191.1.1.207
        type generic, total addresses 16, allocated 2 (12%), misses 0
[Id: 3] access-list 3 pool DATA refcount 0
 pool DATA: netmask 255.255.255.224
        start 191.1.1.128 end 191.1.1.159
        type generic, total addresses 32, allocated 0 (0%), misses 0
[Id: 4] access-list 4 pool OLD refcount 0
 --More-- 
*Jan  3 21:50:47.523: %SYS-5-CONFIG_I: Configured from console by console
 pool OLD: netmask 255.255.255.224
        start 191.1.1.160 end 191.1.1.191
        type generic, total addresses 32, allocated 0 (0%), misses 0
[Id: 5] access-list 6 pool ENGI refcount 2
 pool ENGI: netmask 255.255.255.192
        start 191.1.1.0 end 191.1.1.63
        type generic, total addresses 64, allocated 2 (3%), misses 0
[Id: 6] access-list 8 pool VIDEO refcount 0
 pool VIDEO: netmask 255.255.255.248
        start 191.1.1.208 end 191.1.1.215
        type generic, total addresses 8, allocated 0 (0%), misses 0
[Id: 7] access-list onlyPrivate pool NATPAT refcount 0
 pool NATPAT: netmask 255.255.255.248
        start 191.1.1.216 end 191.1.1.223
        type generic, total addresses 8, allocated 0 (0%), misses 0
Queued Packets: 0
R1#conf t                
Enter configuration commands, one per line.  End with CNTL/Z.
R1(config)#no ip access-list extended onlyPrivate
R1(config)#end                                   
R1#show ip nat statistics
Total active translations: 5 (0 static, 5 dynamic; 0 extended)
Outside interfaces:
  GigabitEthernet4/0
Inside interfaces: 
  FastEthernet0/0, FastEthernet2/0, FastEthernet3/0, FastEthernet3/1
Hits: 75  Misses: 89
CEF Translated packets: 164, CEF Punted packets: 0
Expired translations: 89
Dynamic mappings:
-- Inside Source
[Id: 1] access-list 1 pool SITEB refcount 1
 pool SITEB: netmask 255.255.255.192
        start 191.1.1.64 end 191.1.1.127
        type generic, total addresses 64, allocated 1 (1%), misses 0
[Id: 2] access-list 2 pool DMZ refcount 2
 pool DMZ: netmask 255.255.255.240
        start 191.1.1.192 end 191.1.1.207
        type generic, total addresses 16, allocated 2 (12%), misses 0
[Id: 3] access-list 3 pool DATA refcount 0
 pool DATA: netmask 255.255.255.224
        start 191.1.1.128 end 191.1.1.159
        type generic, total addresses 32, allocated 0 (0%), misses 0
[Id: 4] access-list 4 pool OLD refcount 0
 --More-- 
*Jan  3 21:50:58.935: %SYS-5-CONFIG_I: Configured from console by console
 pool OLD: netmask 255.255.255.224
        start 191.1.1.160 end 191.1.1.191
        type generic, total addresses 32, allocated 0 (0%), misses 0
[Id: 5] access-list 6 pool ENGI refcount 2
 pool ENGI: netmask 255.255.255.192
        start 191.1.1.0 end 191.1.1.63
        type generic, total addresses 64, allocated 2 (3%), misses 0
[Id: 6] access-list 8 pool VIDEO refcount 0
 pool VIDEO: netmask 255.255.255.248
        start 191.1.1.208 end 191.1.1.215
        type generic, total addresses 8, allocated 0 (0%), misses 0
[Id: 7] access-list onlyPrivate pool NATPAT refcount 0
 pool NATPAT: netmask 255.255.255.248
        start 191.1.1.216 end 191.1.1.223
        type generic, total addresses 8, allocated 0 (0%), misses 0
Queued Packets: 0
R1#conf t                
Enter configuration commands, one per line.  End with CNTL/Z.
R1(config)#ip access-list extended onlyPrivate   
R1(config-ext-nacl)#end
R1#conf t
*Jan  3 21:51:20.623: %SYS-5-CONFIG_I: Configured from console by console
R1#conf t                
Enter configuration commands, one per line.  End with CNTL/Z.
R1(config)#no ip access-list extended onlyPrivate
R1(config)#access-list 7 permit 192.168.5.0 0.0.0.255
R1(config)#access-list 7 permit 192.168.7.0 0.0.0.255
R1(config)#no ip nat inside source list onlyPrivate NATPAT
                                                    ^
% Invalid input detected at '^' marker.

R1(config)#no ip nat inside source list onlyPrivate pool NATPAT
R1(config)#ip nat inside source list 7 pool NATPAT             
R1(config)#end
R1#show ip nat statistics
Total active translations: 5 (0 static, 5 dynamic; 0 extended)
Outside interfaces:
  GigabitEthernet4/0
Inside interfaces: 
  FastEthernet0/0, FastEthernet2/0, FastEthernet3/0, FastEthernet3/1
Hits: 75  Misses: 89
CEF Translated packets: 164, CEF Punted packets: 0
Expired translations: 89
Dynamic mappings:
-- Inside Source
[Id: 1] access-list 1 pool SITEB refcount 1
 pool SITEB: netmask 255.255.255.192
        start 191.1.1.64 end 191.1.1.127
        type generic, total addresses 64, allocated 1 (1%), misses 0
[Id: 2] access-list 2 pool DMZ refcount 2
 pool DMZ: netmask 255.255.255.240
        start 191.1.1.192 end 191.1.1.207
        type generic, total addresses 16, allocated 2 (12%), misses 0
[Id: 3] access-list 3 pool DATA refcount 0
 pool DATA: netmask 255.255.255.224
        start 191.1.1.128 end 191.1.1.159
        type generic, total addresses 32, allocated 0 (0%), misses 0
[Id: 4] access-list 4 pool OLD refcount 0
 --More-- 
*Jan  3 21:53:45.779: %SYS-5-CONFIG_I: Configured from console by console
 pool OLD: netmask 255.255.255.224
        start 191.1.1.160 end 191.1.1.191
        type generic, total addresses 32, allocated 0 (0%), misses 0
[Id: 5] access-list 6 pool ENGI refcount 2
 pool ENGI: netmask 255.255.255.192
        start 191.1.1.0 end 191.1.1.63
        type generic, total addresses 64, allocated 2 (3%), misses 0
[Id: 8] access-list 7 pool NATPAT refcount 0
 pool NATPAT: netmask 255.255.255.248
        start 191.1.1.216 end 191.1.1.223
        type generic, total addresses 8, allocated 0 (0%), misses 0
[Id: 6] access-list 8 pool VIDEO refcount 0
 pool VIDEO: netmask 255.255.255.248
        start 191.1.1.208 end 191.1.1.215
        type generic, total addresses 8, allocated 0 (0%), misses 0
Queued Packets: 0
R1#wri
Building configuration...
[OK]
R1#

-------------------------------
-------------------------------
-------------------------------
-------------------------------
-------------------------------
-------------------------------

R1#conf t
Enter configuration commands, one per line.  End with CNTL/Z.                  
R1(config)#no router bgp 1                                                     
R1(config)#no router bgp 1
*Jan  4 00:43:07.059: %BGP-5-ADJCHANGE: neighbor 211.10.10.253 Down BGP protocol initialization
R1(config)#router bgp 1   
R1(config-router)#address-family ipv4 unicast
R1(config-router-af)#neighbor 211.10.10.253 remote-as 2
R1(config-router-af)#network 191.1.1.0 mask 255.255.255.192
R1(config-router-af)#network 191.1.1.64 mask 255.255.255.192
R1(config-router-af)#
*Jan  4 00:45:08.395: %BGP-5-ADJCHANGE: neighbor 211.10.10.253 Up 
R1(config-router-af)#network 191.1.1.128 mask 255.255.255.224
R1(config-router-af)#network 191.1.1.160 mask 255.255.255.224
R1(config-router-af)#network 191.1.1.192 mask 255.255.255.240
R1(config-router-af)#network 191.1.1.208 mask 255.255.255.248
R1(config-router-af)#network 191.1.1.216 mask 255.255.255.248
R1(config-router-af)#address-family ipv6 unicast
R1(config-router-af)#neighbor 2100:A:A::253 remote-as 2
R1(config-router-af)#redistribute ospf 1                                       
R1(config-router-af)#end                                                       
R1#write
Warning: Attempting to overwrite an NVRAM configuration previously written
by a different version of the system image.
Overwrite the previous NVRAM configuration?[confirm]
*Jan  4 00:47:10.439: %SYS-5-CONFIG_I: Configured from console by console
[confirm]
Building configuration...
[OK]
R1#
*Jan  4 00:47:29.211: %BGP-5-ADJCHANGE: neighbor 2100:A:A::253 Up 
R1#conf t
Enter configuration commands, one per line.  End with CNTL/Z.
R1(config)#router bgp 1                            
R1(config-router)#address-family ipv6 unicast       
R1(config-router-af)#network 2191:B:B:2::/64                 
R1(config-router-af)#end
R1#write
Building configuration...

*Jan  4 00:48:30.623: %SYS-5-CONFIG_I: Configured from console by console[OK]
R1#
*Jan  4 00:48:55.947: %OSPF-5-ADJCHG: Process 1, Nbr 192.168.10.2 on FastEthernet3/0 from LOADING to FULL, Loading Done
*Jan  4 00:48:56.215: %OSPF-5-ADJCHG: Process 1, Nbr 192.168.11.2 on FastEthernet3/1 from LOADING to FULL, Loading Done
R1#
*Jan  4 00:49:26.019: %OSPFv3-5-ADJCHG: Process 1, Nbr 2.2.2.2 on FastEthernet3/0 from LOADING to FULL, Loading Done
*Jan  4 00:49:26.271: %OSPFv3-5-ADJCHG: Process 1, Nbr 3.3.3.3 on FastEthernet3/1 from LOADING to FULL, Loading Done
R1#conf t                                                                      
Enter configuration commands, one per line.  End with CNTL/Z.                  
R1(config)#router bgp 1                                                        
R1(config-router)#address-family ipv6 unicast                                  
R1(config-router-af)#network 2191:B:B:1::/64                                   
R1(config-router-af)#end                                                       
R1#writ                                                                        
*Jan  4 00:56:38.291: %SYS-5-CONFIG_I: Configured from console by console      
R1#write                                                                       
Warning: Attempting to overwrite an NVRAM configuration previously written
by a different version of the system image.
Overwrite the previous NVRAM configuration?[confirm]
Building configuration...
[OK]
R1#

-------------------------------
-------------------------------
-------------------------------
-------------------------------
-------------------------------
-------------------------------

R1#conf t
Enter configuration commands, one per line.  End with CNTL/Z.
R1(config)#no ip nat inside source list 2 pool DMZ
R1(config)#$ool DMZ  191.1.1.192 191.1.1.207 netmask 255.255.255.240         
R1(config)#ip nat inside source static 192.168.2.2 191.1.1.193                
R1(config)#ip nat inside source static 192.168.2.3 191.1.1.194
R1(config)#no ip nat inside source list 3 pool DATA                 
R1(config)#$ool DATA 191.1.1.128 191.1.1.159 netmask 255.255.255.224          
R1(config)#ip nat inside source static 192.168.3.3 191.1.1.129      
R1(config)#ip nat inside source static 192.168.3.4 191.1.1.130
R1(config)#end
R1#
*Jan  4 22:54:38.375: %SYS-5-CONFIG_I: Configured from console by console
R1#
*Jan  4 22:55:40.675: %OSPF-5-ADJCHG: Process 1, Nbr 192.168.11.2 on FastEthernet3/1 from LOADING to FULL, Loading Done
R1#
*Jan  4 22:56:13.847: %OSPFv3-5-ADJCHG: Process 1, Nbr 3.3.3.3 on FastEthernet3/1 from LOADING to FULL, Loading Done
R1#write
Warning: Attempting to overwrite an NVRAM configuration previously written
by a different version of the system image.
Overwrite the previous NVRAM configuration?[confirm]
Building configuration...
[OK]
R1#