Trying 127.0.0.1...
Connected to 127.0.0.1.
Escape character is '^]'.
Connected to Dynamips VM "R2" (ID 3, type c3725) - Console port
Press ENTER to get the prompt.
ROMMON emulation microcode.

                           Launching IOS image at 0x80008000...

                                                               Smart Init is disabled. IOMEM set to: 5  

               Using iomem percentage: 5

              Restricted Rights Legend

Use, duplication, or disclosure by the Government is
subject to restrictions as set forth in subparagraph
(c) of the Commercial Computer Software - Restricted
Rights clause at FAR sec. 52.227-19 and subparagraph
(c) (1) (ii) of the Rights in Technical Data and Computer
Software clause at DFARS sec. 252.227-7013.

           cisco Systems, Inc.
           170 West Tasman Drive
           San Jose, California 95134-1706



Cisco IOS Software, 3700 Software (C3725-ADVIPSERVICESK9-M), Version 12.4(21), RELEASE SOFTWARE (fc1)
Technical Support: http://www.cisco.com/techsupport
Copyright (c) 1986-2008 by Cisco Systems, Inc.
Compiled Thu 10-Jul-08 06:32 by prod_rel_team


 BIST FAILED...
This product contains cryptographic features and is subject to United
States and local country laws governing import, export, transfer and
use. Delivery of Cisco cryptographic products does not imply
third-party authority to import, export, distribute or use encryption.
Importers, exporters, distributors and users are responsible for
compliance with U.S. and local country laws. By using this product you
agree to comply with applicable laws and regulations. If you are unable
to comply with U.S. and local laws, return this product immediately.

A summary of U.S. laws governing Cisco cryptographic products may be found at:
http://www.cisco.com/wwl/export/crypto/tool/stqrg.html

If you require further assistance please contact us by sending email to
export@cisco.com.

Cisco 3725 (R7000) processor (revision 0.1) with 124928K/6144K bytes of memory.
Processor board ID FTX0945W0MY
R7000 CPU at 240MHz, Implementation 39, Rev 2.1, 256KB L2, 512KB L3 Cache
3 FastEthernet interfaces
4 Serial interfaces
3 Serial(sync/async) interfaces
DRAM configuration is 64 bits wide with parity enabled.
55K bytes of NVRAM.

SETUP: new interface FastEthernet0/0 placed in "shutdown" state
SETUP: new interface Serial0/0 placed in "shutdown" state
SETUP: new interface FastEthernet0/1 placed in "shutdown" state
SETUP: new interface Serial0/1 placed in "shutdown" state
SETUP: new interface Serial0/2 placed in "shutdown" state
SETUP: new interface FastEthernet1/0 placed in "shutdown" state
SETUP: new interface Serial2/0 placed in "shutdown" state
SETUP: new interface Serial2/1 placed in "shutdown" state
SETUP: new interface Serial2/2 placed in "shutdown" state
SETUP: new interface Serial2/3 placed in "shutdown" state
% Crashinfo may not be recovered at flash:crashinfo
% This file system device reports an error


Press RETURN to get started!

sslinit fn

*Mar  1 00:00:02.315: %SW_VLAN-4-IFS_FAILURE: VLAN manager encountered file operation error: call = ifs_open/read / code = 3588 (No device available)
    / bytes transfered = 0
*Mar  1 00:00:02.331: %LINEPROTO-5-UPDOWN: Line protocol on Interface VoIP-Null0, changed state to up
*Mar  1 00:00:02.411: %SYS-5-CONFIG_I: Configured from memory by console
*Mar  1 00:00:02.491: %LINEPROTO-5-UPDOWN: Line protocol on Interface IPv6-mpls, changed state to up
*Mar  1 00:00:02.659: %SYS-5-RESTART: System restarted --
Cisco IOS Software, 3700 Software (C3725-ADVIPSERVICESK9-M), Version 12.4(21), RELEASE SOFTWARE (fc1)
Technical Support: http://www.cisco.com/techsupport
Copyright (c) 1986-2008 by Cisco Systems, Inc.
Compiled Thu 10-Jul-08 06:32 by prod_rel_team
*Mar  1 00:00:02.667: %SNMP-5-COLDSTART: SNMP agent on host R2 is undergoing a cold start
*Mar  1 00:00:03.111: %LINK-5-CHANGED: Interface FastEthernet0/0, changed state to administratively down
*Mar  1 00:00:03.147: %LINK-5-CHANGED: Interface FastEthernet0/1, changed state to administratively down
*Mar  1 00:00:03.179: %LINK-5-CHANGED: Interface Serial0/0, changed state to administratively down
*Mar  1 00:00:03.183: %LINK-5-CHANGED: Interface Serial0/1, changed state to administratively down
*Mar  1 00:00:03.183: %LINK-5-CHANGED: Interface Serial0/2, changed state to administratively down
*Mar  1 00:00:03.187: %LINK-5-CHANGED: Interface FastEthernet1/0, changed state to administratively down
*Mar  1 00:00:03.191: %LINK-5-CHANGED: Interface Serial2/0, changed state to administratively down
*Mar  1 00:00:03.195: %LINK-5-CHANGED: Interface Serial2/1, changed state to administratively down
*Mar  1 00:00:03.199: %LINK-5-CHANGED: Interface Serial2/2, changed state to administratively down
*Mar  1 00:00:03.199: %LINK-5-CHANGED: Interface Serial2/3, changed state to administratively down
*Mar  1 00:00:04.111: %LINEPROTO-5-UPDOWN: Line protocol on Interface FastEthernet0/0, changed state to down
*Mar  1 00:00:04.147: %LINEPROTO-5-UPDOWN: Line protocol on Interface FastEthernet0/1, changed state to down
*Mar  1 00:00:04.179: %LINEPROTO-5-UPDOWN: Line protocol on Interface Serial0/0, changed state to down
*Mar  1 00:00:04.183: %LINEPROTO-5-UPDOWN: Line protocol on Interface Serial0/1, changed state to down
*Mar  1 00:00:04.187: %LINEPROTO-5-UPDOWN: Line protocol on Interface Serial0/2, changed state to down
*Mar  1 00:00:04.187: %LINEPROTO-5-UPDOWN: Line protocol on Interface FastEthernet1/0, changed state to down
*Mar  1 00:00:04.191: %LINEPROTO-5-UPDOWN: Line protocol on Interface Serial2/0, changed state to down
*Mar  1 00:00:04.195: %LINEPROTO-5-UPDOWN: Line protocol on Interface Serial2/1, changed state to down
*Mar  1 00:00:04.199: %LINEPROTO-5-UPDOWN: Line protocol on Interface Serial2/2, changed state to down
*Mar  1 00:00:04.199: %LINEPROTO-5-UPDOWN: Line protocol on Interface Serial2/3, changed state to down
R2#conf t
Enter configuration commands, one per line.  End with CNTL/Z.
R2(config)#ip routing
R2(config)#ipv6 unicast-routing
R2(config)#int f0/0
R2(config-if)#no shut
R2(config-if)#
*Mar  1 00:07:01.467: %LINK-3-UPDOWN: Interface FastEthernet0/0, changed state to up
*Mar  1 00:07:02.467: %LINEPROTO-5-UPDOWN: Line protocol on Interface FastEthernet0/0, changed state to up
R2(config-if)#ip address 192.168.9.2 255.255.255.0
R2(config-if)#ipv6 address 2191:B:B:9::1/64       
R2(config-if)#
*Mar  1 00:08:04.171: %IPV6-4-DUPLICATE: Duplicate address 2191:B:B:9::1 on FastEthernet0/0
R2(config-if)#ipv6 address 2191:B:B:9::2/64
R2(config-if)#int f0/1                            
R2(config-if)#no shut                             
R2(config-if)#ip address 192.168.9.2 255.255.255.0
*Mar  1 00:08:43.303: %LINK-3-UPDOWN: Interface FastEthernet0/1, changed state to up
*Mar  1 00:08:44.303: %LINEPROTO-5-UPDOWN: Line protocol on Interface FastEthernet0/1, changed state to up
R2(config-if)#ip address 192.168.4.1 255.255.255.0
R2(config-if)#ipv6 address 2191:B:B:4::1/64       
R2(config-if)#end
R2#show
*Mar  1 00:09:13.983: %SYS-5-CONFIG_I: Configured from console by console
R2#show ip route
Codes: C - connected, S - static, R - RIP, M - mobile, B - BGP
       D - EIGRP, EX - EIGRP external, O - OSPF, IA - OSPF inter area 
       N1 - OSPF NSSA external type 1, N2 - OSPF NSSA external type 2
       E1 - OSPF external type 1, E2 - OSPF external type 2
       i - IS-IS, su - IS-IS summary, L1 - IS-IS level-1, L2 - IS-IS level-2
       ia - IS-IS inter area, * - candidate default, U - per-user static route
       o - ODR, P - periodic downloaded static route

Gateway of last resort is not set

C    192.168.9.0/24 is directly connected, FastEthernet0/0
C    192.168.4.0/24 is directly connected, FastEthernet0/1
R2#show ipv6 route
IPv6 Routing Table - 6 entries
Codes: C - Connected, L - Local, S - Static, R - RIP, B - BGP
       U - Per-user Static route
       I1 - ISIS L1, I2 - ISIS L2, IA - ISIS interarea, IS - ISIS summary
       O - OSPF intra, OI - OSPF inter, OE1 - OSPF ext 1, OE2 - OSPF ext 2
       ON1 - OSPF NSSA ext 1, ON2 - OSPF NSSA ext 2
C   2191:B:B:4::/64 [0/0]
     via ::, FastEthernet0/1
L   2191:B:B:4::1/128 [0/0]
     via ::, FastEthernet0/1
C   2191:B:B:9::/64 [0/0]
     via ::, FastEthernet0/0
L   2191:B:B:9::2/128 [0/0]
     via ::, FastEthernet0/0
L   FE80::/10 [0/0]
     via ::, Null0
L   FF00::/8 [0/0]
     via ::, Null0
R2#write
Building configuration...
[OK]
R2#

----------------------------
----------------------------
----------------------------
----------------------------
----------------------------

R2#conf t
Enter configuration commands, one per line.  End with CNTL/Z.
R2(config)#int s0/0
R2(config-if)#ip address 192.168.12.1 255.255.255.0
R2(config-if)#no shut
R2(config-if)#
*Mar  1 00:02:15.499: %LINK-3-UPDOWN: Interface Serial0/0, changed state to up
R2(config-if)#
*Mar  1 00:02:16.503: %LINEPROTO-5-UPDOWN: Line protocol on Interface Serial0/0, changed state to up
R2(config-if)#ipv6 address 2191:B:B:C::1/64
*Mar  1 00:02:42.003: %LINEPROTO-5-UPDOWN: Line protocol on Interface Serial0/0, changed state to down
R2(config-if)#ipv6 address 2191:B:B:C::1/64
R2(config-if)#end
R2#
*Mar  1 00:04:45.715: %SYS-5-CONFIG_I: Configured from console by console
R2#conf t
Enter configuration commands, one per line.  End with CNTL/Z.
R2(config)#int s0/0
R2(config-if)#keepalive
R2(config-if)#no shut
R2(config-if)#
*Mar  1 00:06:32.111: %LINEPROTO-5-UPDOWN: Line protocol on Interface Serial0/0, changed state to up
R2(config-if)#end
R2#s
*Mar  1 00:06:57.523: %SYS-5-CONFIG_I: Configured from console by console
R2#show ip interface brief
Interface                  IP-Address      OK? Method Status                Protocol
FastEthernet0/0            192.168.9.2     YES NVRAM  up                    up      
Serial0/0                  192.168.12.1    YES manual up                    up      
FastEthernet0/1            192.168.4.1     YES NVRAM  up                    up      
Serial0/1                  unassigned      YES NVRAM  administratively down down    
Serial0/2                  unassigned      YES NVRAM  administratively down down    
FastEthernet1/0            unassigned      YES NVRAM  administratively down down    
Serial2/0                  unassigned      YES NVRAM  administratively down down    
Serial2/1                  unassigned      YES NVRAM  administratively down down    
Serial2/2                  unassigned      YES NVRAM  administratively down down    
Serial2/3                  unassigned      YES NVRAM  administratively down down    
R2#write
Building configuration...
[OK]
R2# 

----------------------------
----------------------------
----------------------------
----------------------------
----------------------------

R2#conf t
Enter configuration commands, one per line.  End with CNTL/Z.
R2(config)#ip route 0.0.0.0 0.0.0.0 192.168.9.1
R2(config)#no ip route 0.0.0.0 0.0.0.0 192.168.9.1
R2(config)#ip route 0.0.0.0 0.0.0.0 192.168.9.1   
R2(config)#ipv6 route ::/0 2191:B:B:9::1                 
R2(config)#no ipv6 route ::/0 2191:B:B:9::1
R2(config)#ipv6 route ::/0 2191:B:B:9::1   
R2(config)#no ipv6 route ::/0 2191:B:B:9::1
R2(config)#ipv6 route ::/0 2191:B:B:9::1   
R2(config)#write
             ^
% Invalid input detected at '^' marker.

R2(config)#end
R2#write
*Mar  1 00:08:04.843: %SYS-5-CONFIG_I: Configured from console by console
R2#write 
Building configuration...
[OK]
R2#

-------------------------------
-------------------------------
-------------------------------
-------------------------------
-------------------------------
-------------------------------

R2#show ip route
Codes: C - connected, S - static, R - RIP, M - mobile, B - BGP
       D - EIGRP, EX - EIGRP external, O - OSPF, IA - OSPF inter area 
       N1 - OSPF NSSA external type 1, N2 - OSPF NSSA external type 2
       E1 - OSPF external type 1, E2 - OSPF external type 2
       i - IS-IS, su - IS-IS summary, L1 - IS-IS level-1, L2 - IS-IS level-2
       ia - IS-IS inter area, * - candidate default, U - per-user static route
       o - ODR, P - periodic downloaded static route

Gateway of last resort is 192.168.9.1 to network 0.0.0.0

     191.1.0.0/30 is subnetted, 1 subnets
C       191.1.1.252 is directly connected, Serial0/0
C    192.168.9.0/24 is directly connected, FastEthernet0/0
C    192.168.4.0/24 is directly connected, FastEthernet0/1
S*   0.0.0.0/0 [1/0] via 192.168.9.1
R2#conf t
Enter configuration commands, one per line.  End with CNTL/Z.
R2(config)#router rip
R2(config-router)#network 191.1.1.252 255.255.255.252
                                      ^
% Invalid input detected at '^' marker.

R2(config-router)#network 191.1.1.252 mask 255.255.255.252
                                      ^
% Invalid input detected at '^' marker.

R2(config-router)#network 191.1.1.252                     
R2(config-router)#network 191.1.1.9  
R2(config-router)#network 191.1.1.4
R2(config-router)#no network 191.1.1.9
R2(config-router)#no network 191.1.1.4
R2(config-router)#network 192.168.4.0 
R2(config-router)#network 192.168.9.0
R2(config-router)#end
R2#w
*Mar  1 00:36:50.631: %SYS-5-CONFIG_I: Configured from console by console
R2#write
Building configuration...
[OK]
R2#show ip route
Codes: C - connected, S - static, R - RIP, M - mobile, B - BGP
       D - EIGRP, EX - EIGRP external, O - OSPF, IA - OSPF inter area 
       N1 - OSPF NSSA external type 1, N2 - OSPF NSSA external type 2
       E1 - OSPF external type 1, E2 - OSPF external type 2
       i - IS-IS, su - IS-IS summary, L1 - IS-IS level-1, L2 - IS-IS level-2
       ia - IS-IS inter area, * - candidate default, U - per-user static route
       o - ODR, P - periodic downloaded static route

Gateway of last resort is 192.168.9.1 to network 0.0.0.0

     191.1.0.0/30 is subnetted, 1 subnets
C       191.1.1.252 is directly connected, Serial0/0
C    192.168.9.0/24 is directly connected, FastEthernet0/0
C    192.168.4.0/24 is directly connected, FastEthernet0/1
S*   0.0.0.0/0 [1/0] via 192.168.9.1
R2#ping 192.1.1.254

Type escape sequence to abort.
Sending 5, 100-byte ICMP Echos to 192.1.1.254, timeout is 2 seconds:
.....
Success rate is 0 percent (0/5)
R2#ping 192.1.1.253

Type escape sequence to abort.
Sending 5, 100-byte ICMP Echos to 192.1.1.253, timeout is 2 seconds:
.....
Success rate is 0 percent (0/5)
R2#ping 191.1.1.254

Type escape sequence to abort.
Sending 5, 100-byte ICMP Echos to 191.1.1.254, timeout is 2 seconds:
.....
Success rate is 0 percent (0/5)
R2#show ip interface brief
Interface                  IP-Address      OK? Method Status                Protocol
FastEthernet0/0            192.168.9.2     YES NVRAM  up                    up      
Serial0/0                  191.1.1.253     YES NVRAM  up                    up      
FastEthernet0/1            192.168.4.1     YES NVRAM  up                    up      
Serial0/1                  unassigned      YES NVRAM  administratively down down    
Serial0/2                  unassigned      YES NVRAM  administratively down down    
FastEthernet1/0            unassigned      YES NVRAM  administratively down down    
Serial2/0                  unassigned      YES NVRAM  administratively down down    
Serial2/1                  unassigned      YES NVRAM  administratively down down    
Serial2/2                  unassigned      YES NVRAM  administratively down down    
Serial2/3                  unassigned      YES NVRAM  administratively down down    
R2#ping 191.1.1.254       

Type escape sequence to abort.
Sending 5, 100-byte ICMP Echos to 191.1.1.254, timeout is 2 seconds:
.....
Success rate is 0 percent (0/5)
R2#show ip route          
Codes: C - connected, S - static, R - RIP, M - mobile, B - BGP
       D - EIGRP, EX - EIGRP external, O - OSPF, IA - OSPF inter area 
       N1 - OSPF NSSA external type 1, N2 - OSPF NSSA external type 2
       E1 - OSPF external type 1, E2 - OSPF external type 2
       i - IS-IS, su - IS-IS summary, L1 - IS-IS level-1, L2 - IS-IS level-2
       ia - IS-IS inter area, * - candidate default, U - per-user static route
       o - ODR, P - periodic downloaded static route

Gateway of last resort is 192.168.9.1 to network 0.0.0.0

     191.1.0.0/30 is subnetted, 1 subnets
C       191.1.1.252 is directly connected, Serial0/0
C    192.168.9.0/24 is directly connected, FastEthernet0/0
C    192.168.4.0/24 is directly connected, FastEthernet0/1
S*   0.0.0.0/0 [1/0] via 192.168.9.1
R2#conf t                 
Enter configuration commands, one per line.  End with CNTL/Z.
R2(config)#router rip                              
R2(config-router)#network 191.1.1.252 
R2(config-router)#end
R2#ping 191.1.1.254
*Mar  1 00:41:58.323: %SYS-5-CONFIG_I: Configured from console by console
R2#show ip route   
Codes: C - connected, S - static, R - RIP, M - mobile, B - BGP
       D - EIGRP, EX - EIGRP external, O - OSPF, IA - OSPF inter area 
       N1 - OSPF NSSA external type 1, N2 - OSPF NSSA external type 2
       E1 - OSPF external type 1, E2 - OSPF external type 2
       i - IS-IS, su - IS-IS summary, L1 - IS-IS level-1, L2 - IS-IS level-2
       ia - IS-IS inter area, * - candidate default, U - per-user static route
       o - ODR, P - periodic downloaded static route

Gateway of last resort is 192.168.9.1 to network 0.0.0.0

     191.1.0.0/30 is subnetted, 1 subnets
C       191.1.1.252 is directly connected, Serial0/0
C    192.168.9.0/24 is directly connected, FastEthernet0/0
C    192.168.4.0/24 is directly connected, FastEthernet0/1
R    192.168.1.0/24 [120/1] via 191.1.1.254, 00:00:03, Serial0/0
S*   0.0.0.0/0 [1/0] via 192.168.9.1
R2#write
Building configuration...
[OK]
R2#conf t
Enter configuration commands, one per line.  End with CNTL/Z.
R2(config)#router rip
R2(config-router)#default-information originate
R2(config-router)#end
R2#show ip route
*Mar  1 00:44:57.183: %SYS-5-CONFIG_I: Configured from console by console
R2#show ip route
Codes: C - connected, S - static, R - RIP, M - mobile, B - BGP
       D - EIGRP, EX - EIGRP external, O - OSPF, IA - OSPF inter area 
       N1 - OSPF NSSA external type 1, N2 - OSPF NSSA external type 2
       E1 - OSPF external type 1, E2 - OSPF external type 2
       i - IS-IS, su - IS-IS summary, L1 - IS-IS level-1, L2 - IS-IS level-2
       ia - IS-IS inter area, * - candidate default, U - per-user static route
       o - ODR, P - periodic downloaded static route

Gateway of last resort is 192.168.9.1 to network 0.0.0.0

     191.1.0.0/30 is subnetted, 1 subnets
C       191.1.1.252 is directly connected, Serial0/0
C    192.168.9.0/24 is directly connected, FastEthernet0/0
C    192.168.4.0/24 is directly connected, FastEthernet0/1
R    192.168.1.0/24 [120/1] via 191.1.1.254, 00:00:16, Serial0/0
S*   0.0.0.0/0 [1/0] via 192.168.9.1
R2#ping 192.168.2.3

Type escape sequence to abort.
Sending 5, 100-byte ICMP Echos to 192.168.2.3, timeout is 2 seconds:
.!!!!
Success rate is 80 percent (4/5), round-trip min/avg/max = 20/273/976 ms
R2#conf t
Enter configuration commands, one per line.  End with CNTL/Z.
R2(config)#no router rip
R2(config)#end
R2#show ip route   
*Mar  1 00:50:55.547: %SYS-5-CONFIG_I: Configured from console by console
R2#show ip route
Codes: C - connected, S - static, R - RIP, M - mobile, B - BGP
       D - EIGRP, EX - EIGRP external, O - OSPF, IA - OSPF inter area 
       N1 - OSPF NSSA external type 1, N2 - OSPF NSSA external type 2
       E1 - OSPF external type 1, E2 - OSPF external type 2
       i - IS-IS, su - IS-IS summary, L1 - IS-IS level-1, L2 - IS-IS level-2
       ia - IS-IS inter area, * - candidate default, U - per-user static route
       o - ODR, P - periodic downloaded static route

Gateway of last resort is 192.168.9.1 to network 0.0.0.0

     191.1.0.0/30 is subnetted, 1 subnets
C       191.1.1.252 is directly connected, Serial0/0
C    192.168.9.0/24 is directly connected, FastEthernet0/0
C    192.168.4.0/24 is directly connected, FastEthernet0/1
S*   0.0.0.0/0 [1/0] via 192.168.9.1
R2#show ip route
Codes: C - connected, S - static, R - RIP, M - mobile, B - BGP
       D - EIGRP, EX - EIGRP external, O - OSPF, IA - OSPF inter area 
       N1 - OSPF NSSA external type 1, N2 - OSPF NSSA external type 2
       E1 - OSPF external type 1, E2 - OSPF external type 2
       i - IS-IS, su - IS-IS summary, L1 - IS-IS level-1, L2 - IS-IS level-2
       ia - IS-IS inter area, * - candidate default, U - per-user static route
       o - ODR, P - periodic downloaded static route

Gateway of last resort is 192.168.9.1 to network 0.0.0.0

     191.1.0.0/30 is subnetted, 1 subnets
C       191.1.1.252 is directly connected, Serial0/0
C    192.168.9.0/24 is directly connected, FastEthernet0/0
C    192.168.4.0/24 is directly connected, FastEthernet0/1
S*   0.0.0.0/0 [1/0] via 192.168.9.1
R2#conf t
Enter configuration commands, one per line.  End with CNTL/Z.
R2(config)#router rip
R2(config-router)#end                                     
R2#conf t
*Mar  1 01:00:18.563: %SYS-5-CONFIG_I: Configured from console by console
R2#conf t
Enter configuration commands, one per line.  End with CNTL/Z.
R2(config)#no router rip
R2(config)#end
R2#
*Mar  1 01:00:27.295: %SYS-5-CONFIG_I: Configured from console by console
R2#conf t
Enter configuration commands, one per line.  End with CNTL/Z.
R2(config)#ip route 192.168.1.0 255.255.255.0 191.1.1.254
R2(config)#end
R2#show ip route
Codes: C - connected, S - static, R - RIP, M - mobile, B - BGP
       D - EIGRP, EX - EIGRP external, O - OSPF, IA - OSPF inter area 
       N1 - OSPF NSSA external type 1, N2 - OSPF NSSA external type 2
       E1 - OSPF external type 1, E2 - OSPF external type 2
       i - IS-IS, su - IS-IS summary, L1 - IS-IS level-1, L2 - IS-IS level-2
       ia - IS-IS inter area, * - candidate default, U - per-user static route
       o - ODR, P - periodic downloaded static route

Gateway of last resort is 192.168.9.1 to network 0.0.0.0

     191.1.0.0/30 is subnetted, 1 subnets
C       191.1.1.252 is directly connected, Serial0/0
C    192.168.9.0/24 is directly connected, FastEthernet0/0
C    192.168.4.0/24 is directly connected, FastEthernet0/1
S    192.168.1.0/24 [1/0] via 191.1.1.254
S*   0.0.0.0/0 [1/0] via 192.168.9.1
R2#
*Mar  1 01:00:59.131: %SYS-5-CONFIG_I: Configured from console by console
R2#write        
Building configuration...
[OK]
R2#